Archive member included to satisfy reference by file (symbol)

C:/ST/STM32CubeIDE_1.17.0/STM32CubeIDE/plugins/com.st.stm32cube.ide.mcu.externaltools.gnu-tools-for-stm32.12.3.rel1.win32_1.1.0.202410251130/tools/bin/../lib/gcc/arm-none-eabi/12.3.1/../../../../arm-none-eabi/lib/thumb/v7-m/nofp\libc_nano.a(libc_a-exit.o)
                              C:/ST/STM32CubeIDE_1.17.0/STM32CubeIDE/plugins/com.st.stm32cube.ide.mcu.externaltools.gnu-tools-for-stm32.12.3.rel1.win32_1.1.0.202410251130/tools/bin/../lib/gcc/arm-none-eabi/12.3.1/../../../../arm-none-eabi/lib/thumb/v7-m/nofp/crt0.o (exit)
C:/ST/STM32CubeIDE_1.17.0/STM32CubeIDE/plugins/com.st.stm32cube.ide.mcu.externaltools.gnu-tools-for-stm32.12.3.rel1.win32_1.1.0.202410251130/tools/bin/../lib/gcc/arm-none-eabi/12.3.1/../../../../arm-none-eabi/lib/thumb/v7-m/nofp\libc_nano.a(libc_a-findfp.o)
                              C:/ST/STM32CubeIDE_1.17.0/STM32CubeIDE/plugins/com.st.stm32cube.ide.mcu.externaltools.gnu-tools-for-stm32.12.3.rel1.win32_1.1.0.202410251130/tools/bin/../lib/gcc/arm-none-eabi/12.3.1/../../../../arm-none-eabi/lib/thumb/v7-m/nofp\libc_nano.a(libc_a-exit.o) (__stdio_exit_handler)
C:/ST/STM32CubeIDE_1.17.0/STM32CubeIDE/plugins/com.st.stm32cube.ide.mcu.externaltools.gnu-tools-for-stm32.12.3.rel1.win32_1.1.0.202410251130/tools/bin/../lib/gcc/arm-none-eabi/12.3.1/../../../../arm-none-eabi/lib/thumb/v7-m/nofp\libc_nano.a(libc_a-fwalk.o)
                              C:/ST/STM32CubeIDE_1.17.0/STM32CubeIDE/plugins/com.st.stm32cube.ide.mcu.externaltools.gnu-tools-for-stm32.12.3.rel1.win32_1.1.0.202410251130/tools/bin/../lib/gcc/arm-none-eabi/12.3.1/../../../../arm-none-eabi/lib/thumb/v7-m/nofp\libc_nano.a(libc_a-findfp.o) (_fwalk_sglue)
C:/ST/STM32CubeIDE_1.17.0/STM32CubeIDE/plugins/com.st.stm32cube.ide.mcu.externaltools.gnu-tools-for-stm32.12.3.rel1.win32_1.1.0.202410251130/tools/bin/../lib/gcc/arm-none-eabi/12.3.1/../../../../arm-none-eabi/lib/thumb/v7-m/nofp\libc_nano.a(libc_a-stdio.o)
                              C:/ST/STM32CubeIDE_1.17.0/STM32CubeIDE/plugins/com.st.stm32cube.ide.mcu.externaltools.gnu-tools-for-stm32.12.3.rel1.win32_1.1.0.202410251130/tools/bin/../lib/gcc/arm-none-eabi/12.3.1/../../../../arm-none-eabi/lib/thumb/v7-m/nofp\libc_nano.a(libc_a-findfp.o) (__sread)
C:/ST/STM32CubeIDE_1.17.0/STM32CubeIDE/plugins/com.st.stm32cube.ide.mcu.externaltools.gnu-tools-for-stm32.12.3.rel1.win32_1.1.0.202410251130/tools/bin/../lib/gcc/arm-none-eabi/12.3.1/../../../../arm-none-eabi/lib/thumb/v7-m/nofp\libc_nano.a(libc_a-memset.o)
                              C:/ST/STM32CubeIDE_1.17.0/STM32CubeIDE/plugins/com.st.stm32cube.ide.mcu.externaltools.gnu-tools-for-stm32.12.3.rel1.win32_1.1.0.202410251130/tools/bin/../lib/gcc/arm-none-eabi/12.3.1/../../../../arm-none-eabi/lib/thumb/v7-m/nofp/crt0.o (memset)
C:/ST/STM32CubeIDE_1.17.0/STM32CubeIDE/plugins/com.st.stm32cube.ide.mcu.externaltools.gnu-tools-for-stm32.12.3.rel1.win32_1.1.0.202410251130/tools/bin/../lib/gcc/arm-none-eabi/12.3.1/../../../../arm-none-eabi/lib/thumb/v7-m/nofp\libc_nano.a(libc_a-closer.o)
                              C:/ST/STM32CubeIDE_1.17.0/STM32CubeIDE/plugins/com.st.stm32cube.ide.mcu.externaltools.gnu-tools-for-stm32.12.3.rel1.win32_1.1.0.202410251130/tools/bin/../lib/gcc/arm-none-eabi/12.3.1/../../../../arm-none-eabi/lib/thumb/v7-m/nofp\libc_nano.a(libc_a-stdio.o) (_close_r)
C:/ST/STM32CubeIDE_1.17.0/STM32CubeIDE/plugins/com.st.stm32cube.ide.mcu.externaltools.gnu-tools-for-stm32.12.3.rel1.win32_1.1.0.202410251130/tools/bin/../lib/gcc/arm-none-eabi/12.3.1/../../../../arm-none-eabi/lib/thumb/v7-m/nofp\libc_nano.a(libc_a-reent.o)
                              C:/ST/STM32CubeIDE_1.17.0/STM32CubeIDE/plugins/com.st.stm32cube.ide.mcu.externaltools.gnu-tools-for-stm32.12.3.rel1.win32_1.1.0.202410251130/tools/bin/../lib/gcc/arm-none-eabi/12.3.1/../../../../arm-none-eabi/lib/thumb/v7-m/nofp\libc_nano.a(libc_a-closer.o) (errno)
C:/ST/STM32CubeIDE_1.17.0/STM32CubeIDE/plugins/com.st.stm32cube.ide.mcu.externaltools.gnu-tools-for-stm32.12.3.rel1.win32_1.1.0.202410251130/tools/bin/../lib/gcc/arm-none-eabi/12.3.1/../../../../arm-none-eabi/lib/thumb/v7-m/nofp\libc_nano.a(libc_a-impure.o)
                              C:/ST/STM32CubeIDE_1.17.0/STM32CubeIDE/plugins/com.st.stm32cube.ide.mcu.externaltools.gnu-tools-for-stm32.12.3.rel1.win32_1.1.0.202410251130/tools/bin/../lib/gcc/arm-none-eabi/12.3.1/../../../../arm-none-eabi/lib/thumb/v7-m/nofp\libc_nano.a(libc_a-reent.o) (_impure_ptr)
C:/ST/STM32CubeIDE_1.17.0/STM32CubeIDE/plugins/com.st.stm32cube.ide.mcu.externaltools.gnu-tools-for-stm32.12.3.rel1.win32_1.1.0.202410251130/tools/bin/../lib/gcc/arm-none-eabi/12.3.1/../../../../arm-none-eabi/lib/thumb/v7-m/nofp\libc_nano.a(libc_a-lseekr.o)
[...]
Memory Configuration

Name             Origin             Length             Attributes
RAM              0x20000000         0x00005000         xrw
FLASH            0x08000000         0x00020000         xr
*default*        0x00000000         0xffffffff

Linker script and memory map

LOAD C:/ST/STM32CubeIDE_1.17.0/STM32CubeIDE/plugins/com.st.stm32cube.ide.mcu.externaltools.gnu-tools-for-stm32.12.3.rel1.win32_1.1.0.202410251130/tools/bin/../lib/gcc/arm-none-eabi/12.3.1/thumb/v7-m/nofp/crti.o
LOAD C:/ST/STM32CubeIDE_1.17.0/STM32CubeIDE/plugins/com.st.stm32cube.ide.mcu.externaltools.gnu-tools-for-stm32.12.3.rel1.win32_1.1.0.202410251130/tools/bin/../lib/gcc/arm-none-eabi/12.3.1/thumb/v7-m/nofp/crtbegin.o
LOAD C:/ST/STM32CubeIDE_1.17.0/STM32CubeIDE/plugins/com.st.stm32cube.ide.mcu.externaltools.gnu-tools-for-stm32.12.3.rel1.win32_1.1.0.202410251130/tools/bin/../lib/gcc/arm-none-eabi/12.3.1/../../../../arm-none-eabi/lib/thumb/v7-m/nofp/crt0.o
LOAD ./Drivers/System_Config.o
LOAD ./Drivers/stm32f103Driver.o
LOAD ./Src/LED_Effects.o
LOAD ./Src/Task_Handler.o
LOAD ./Src/main.o
LOAD ./Src/syscalls.o
LOAD ./Src/sysmem.o
LOAD ./Startup/startup_stm32f103rbtx.o
LOAD ./Third_Party/FreeRTOS/croutine.o
LOAD ./Third_Party/FreeRTOS/event_groups.o
LOAD ./Third_Party/FreeRTOS/list.o
LOAD ./Third_Party/FreeRTOS/queue.o
LOAD ./Third_Party/FreeRTOS/stream_buffer.o
LOAD ./Third_Party/FreeRTOS/tasks.o
LOAD ./Third_Party/FreeRTOS/timers.o
LOAD ./Third_Party/FreeRTOS/portable/GCC/ARM_CM3/port.o
LOAD ./Third_Party/FreeRTOS/portable/MemMang/heap_4.o
START GROUP
LOAD C:/ST/STM32CubeIDE_1.17.0/STM32CubeIDE/plugins/com.st.stm32cube.ide.mcu.externaltools.gnu-tools-for-stm32.12.3.rel1.win32_1.1.0.202410251130/tools/bin/../lib/gcc/arm-none-eabi/12.3.1/../../../../arm-none-eabi/lib/thumb/v7-m/nofp\libc_nano.a
LOAD C:/ST/STM32CubeIDE_1.17.0/STM32CubeIDE/plugins/com.st.stm32cube.ide.mcu.externaltools.gnu-tools-for-stm32.12.3.rel1.win32_1.1.0.202410251130/tools/bin/../lib/gcc/arm-none-eabi/12.3.1/../../../../arm-none-eabi/lib/thumb/v7-m/nofp\libm.a
END GROUP
START GROUP
LOAD C:/ST/STM32CubeIDE_1.17.0/STM32CubeIDE/plugins/com.st.stm32cube.ide.mcu.externaltools.gnu-tools-for-stm32.12.3.rel1.win32_1.1.0.202410251130/tools/bin/../lib/gcc/arm-none-eabi/12.3.1/thumb/v7-m/nofp\libgcc.a
LOAD C:/ST/STM32CubeIDE_1.17.0/STM32CubeIDE/plugins/com.st.stm32cube.ide.mcu.externaltools.gnu-tools-for-stm32.12.3.rel1.win32_1.1.0.202410251130/tools/bin/../lib/gcc/arm-none-eabi/12.3.1/../../../../arm-none-eabi/lib/thumb/v7-m/nofp\libc_nano.a
END GROUP
START GROUP
LOAD C:/ST/STM32CubeIDE_1.17.0/STM32CubeIDE/plugins/com.st.stm32cube.ide.mcu.externaltools.gnu-tools-for-stm32.12.3.rel1.win32_1.1.0.202410251130/tools/bin/../lib/gcc/arm-none-eabi/12.3.1/thumb/v7-m/nofp\libgcc.a
LOAD C:/ST/STM32CubeIDE_1.17.0/STM32CubeIDE/plugins/com.st.stm32cube.ide.mcu.externaltools.gnu-tools-for-stm32.12.3.rel1.win32_1.1.0.202410251130/tools/bin/../lib/gcc/arm-none-eabi/12.3.1/../../../../arm-none-eabi/lib/thumb/v7-m/nofp\libc_nano.a
LOAD C:/ST/STM32CubeIDE_1.17.0/STM32CubeIDE/plugins/com.st.stm32cube.ide.mcu.externaltools.gnu-tools-for-stm32.12.3.rel1.win32_1.1.0.202410251130/tools/bin/../lib/gcc/arm-none-eabi/12.3.1/../../../../arm-none-eabi/lib/thumb/v7-m/nofp\libnosys.a
END GROUP
START GROUP
LOAD C:/ST/STM32CubeIDE_1.17.0/STM32CubeIDE/plugins/com.st.stm32cube.ide.mcu.externaltools.gnu-tools-for-stm32.12.3.rel1.win32_1.1.0.202410251130/tools/bin/../lib/gcc/arm-none-eabi/12.3.1/thumb/v7-m/nofp\libgcc.a
LOAD C:/ST/STM32CubeIDE_1.17.0/STM32CubeIDE/plugins/com.st.stm32cube.ide.mcu.externaltools.gnu-tools-for-stm32.12.3.rel1.win32_1.1.0.202410251130/tools/bin/../lib/gcc/arm-none-eabi/12.3.1/../../../../arm-none-eabi/lib/thumb/v7-m/nofp\libc_nano.a
LOAD C:/ST/STM32CubeIDE_1.17.0/STM32CubeIDE/plugins/com.st.stm32cube.ide.mcu.externaltools.gnu-tools-for-stm32.12.3.rel1.win32_1.1.0.202410251130/tools/bin/../lib/gcc/arm-none-eabi/12.3.1/../../../../arm-none-eabi/lib/thumb/v7-m/nofp\libnosys.a
END GROUP
LOAD C:/ST/STM32CubeIDE_1.17.0/STM32CubeIDE/plugins/com.st.stm32cube.ide.mcu.externaltools.gnu-tools-for-stm32.12.3.rel1.win32_1.1.0.202410251130/tools/bin/../lib/gcc/arm-none-eabi/12.3.1/thumb/v7-m/nofp/crtend.o
LOAD C:/ST/STM32CubeIDE_1.17.0/STM32CubeIDE/plugins/com.st.stm32cube.ide.mcu.externaltools.gnu-tools-for-stm32.12.3.rel1.win32_1.1.0.202410251130/tools/bin/../lib/gcc/arm-none-eabi/12.3.1/thumb/v7-m/nofp/crtn.o
                0x20005000                        _estack = (ORIGIN (RAM) + LENGTH (RAM))
                0x00000200                        _Min_Heap_Size = 0x200
                0x00000400                        _Min_Stack_Size = 0x400

.isr_vector     0x08000000      0x130
                0x08000000                        . = ALIGN (0x4)
 *(.isr_vector)
 .isr_vector    0x08000000      0x130 ./Startup/startup_stm32f103rbtx.o
                0x08000000                g_pfnVectors
                0x08000130                        . = ALIGN (0x4)

.text           0x08000130     0x493c
                0x08000130                        . = ALIGN (0x4)
 *(.text)
 .text          0x08000130       0x40 C:/ST/STM32CubeIDE_1.17.0/STM32CubeIDE/plugins/com.st.stm32cube.ide.mcu.externaltools.gnu-tools-for-stm32.12.3.rel1.win32_1.1.0.202410251130/tools/bin/../lib/gcc/arm-none-eabi/12.3.1/thumb/v7-m/nofp/crtbegin.o
 .text          0x08000170      0x378 C:/ST/STM32CubeIDE_1.17.0/STM32CubeIDE/plugins/com.st.stm32cube.ide.mcu.externaltools.gnu-tools-for-stm32.12.3.rel1.win32_1.1.0.202410251130/tools/bin/../lib/gcc/arm-none-eabi/12.3.1/thumb/v7-m/nofp\libgcc.a(_arm_addsubdf3.o)
                0x08000170                __aeabi_drsub
                0x08000178                __aeabi_dsub
                0x08000178                __subdf3
                0x0800017c                __aeabi_dadd
                0x0800017c                __adddf3
                0x080003f4                __floatunsidf
                0x080003f4                __aeabi_ui2d
                0x08000414                __floatsidf
                0x08000414                __aeabi_i2d
                0x08000438                __aeabi_f2d
                0x08000438                __extendsfdf2
                0x0800047c                __floatundidf
                0x0800047c                __aeabi_ul2d
                0x0800048c                __floatdidf
                0x0800048c                __aeabi_l2d
 .text          0x080004e8      0x424 C:/ST/STM32CubeIDE_1.17.0/STM32CubeIDE/plugins/com.st.stm32cube.ide.mcu.externaltools.gnu-tools-for-stm32.12.3.rel1.win32_1.1.0.202410251130/tools/bin/../lib/gcc/arm-none-eabi/12.3.1/thumb/v7-m/nofp\libgcc.a(_arm_muldivdf3.o)
                0x080004e8                __aeabi_dmul
                0x080004e8                __muldf3
                0x0800073c                __divdf3
                0x0800073c                __aeabi_ddiv
 .text          0x0800090c      0x110 C:/ST/STM32CubeIDE_1.17.0/STM32CubeIDE/plugins/com.st.stm32cube.ide.mcu.externaltools.gnu-tools-for-stm32.12.3.rel1.win32_1.1.0.202410251130/tools/bin/../lib/gcc/arm-none-eabi/12.3.1/thumb/v7-m/nofp\libgcc.a(_arm_cmpdf2.o)
                0x0800090c                __gtdf2
                0x0800090c                __gedf2
                0x08000914                __ltdf2
                0x08000914                __ledf2
                0x0800091c                __nedf2
                0x0800091c                __eqdf2
                0x0800091c                __cmpdf2
                0x08000998                __aeabi_cdrcmple
                0x080009a8                __aeabi_cdcmpeq
                0x080009a8                __aeabi_cdcmple
                0x080009b8                __aeabi_dcmpeq
                0x080009cc                __aeabi_dcmplt
                0x080009e0                __aeabi_dcmple
                0x080009f4                __aeabi_dcmpge
                0x08000a08                __aeabi_dcmpgt
 .text          0x08000a1c       0x40 C:/ST/STM32CubeIDE_1.17.0/STM32CubeIDE/plugins/com.st.stm32cube.ide.mcu.externaltools.gnu-tools-for-stm32.12.3.rel1.win32_1.1.0.202410251130/tools/bin/../lib/gcc/arm-none-eabi/12.3.1/thumb/v7-m/nofp\libgcc.a(_arm_fixunsdfsi.o)
                0x08000a1c                __aeabi_d2uiz
                0x08000a1c                __fixunsdfsi
 *(.text*)
 .text.SystemClock_Config
                0x08000a5c       0x90 ./Drivers/System_Config.o
                0x08000a5c                SystemClock_Config
 .text.NVIC_SetPriorityGrouping
                0x08000aec       0x3c ./Drivers/System_Config.o
                0x08000aec                NVIC_SetPriorityGrouping
 .text.Select_GPIO
                0x08000b28       0x60 ./Drivers/stm32f103Driver.o
                0x08000b28                Select_GPIO
 .text.Config_GPIO
                0x08000b88       0xa0 ./Drivers/stm32f103Driver.o
                0x08000b88                Config_GPIO
 .text.Write_GPIO
                0x08000c28       0x58 ./Drivers/stm32f103Driver.o
                0x08000c28                Write_GPIO
 .text.NVIC_SetPriority
                0x08000c80       0x6e ./Drivers/stm32f103Driver.o
                0x08000c80                NVIC_SetPriority
 *fill*         0x08000cee        0x2 
 .text.select_USART
                0x08000cf0       0x44 ./Drivers/stm32f103Driver.o
                0x08000cf0                select_USART
 *fill*         0x08000d34        0x4 
 .text.USART_BRR
                0x08000d38      0x130 ./Drivers/stm32f103Driver.o
                0x08000d38                USART_BRR
 .text.init_USART
                0x08000e68       0xdc ./Drivers/stm32f103Driver.o
                0x08000e68                init_USART
 .text.USART_receive
                0x08000f44       0x32 ./Drivers/stm32f103Driver.o
                0x08000f44                USART_receive
 .text.USART_transmit
                0x08000f76       0x36 ./Drivers/stm32f103Driver.o
                0x08000f76                USART_transmit
 .text.USART_send_string
                0x08000fac       0x32 ./Drivers/stm32f103Driver.o
                0x08000fac                USART_send_string
 *fill*         0x08000fde        0x2 
 .text.init_usart_receive_interrupt
                0x08000fe0       0x94 ./Drivers/stm32f103Driver.o
                0x08000fe0                init_usart_receive_interrupt
 .text.led_stop
                0x08001074       0x3c ./Src/LED_Effects.o
                0x08001074                led_stop
 .text.led_swap_forward_and_Reverse
                0x080010b0       0x48 ./Src/LED_Effects.o
                0x080010b0                led_swap_forward_and_Reverse
 .text.led_swap_from_middle_to_edges
                0x080010f8       0xc8 ./Src/LED_Effects.o
                0x080010f8                led_swap_from_middle_to_edges
 .text.led_swap_from_edges_to_middle
                0x080011c0       0xfc ./Src/LED_Effects.o
                0x080011c0                led_swap_from_edges_to_middle
 .text.led_timer_callback
                0x080012bc      0x108 ./Src/LED_Effects.o
                0x080012bc                led_timer_callback
 .text.Command_Task_Handler
                0x080013c4       0xb4 ./Src/Task_Handler.o
                0x080013c4                Command_Task_Handler
 .text.LED_Task_Handler
                0x08001478       0x60 ./Src/Task_Handler.o
                0x08001478                LED_Task_Handler
 .text.Menu_Task_Handler
                0x080014d8       0x64 ./Src/Task_Handler.o
                0x080014d8                Menu_Task_Handler
 .text.Print_Task_Handler
                0x0800153c       0x30 ./Src/Task_Handler.o
                0x0800153c                Print_Task_Handler
 .text.USART1_IRQHandler
                0x0800156c       0x44 ./Src/main.o
                0x0800156c                USART1_IRQHandler
 .text.main     0x080015b0      0x1ec ./Src/main.o
                0x080015b0                main
 .text.Reset_Handler
                0x0800179c       0x50 ./Startup/startup_stm32f103rbtx.o
                0x0800179c                Reset_Handler
 .text.Default_Handler
                0x080017ec        0x2 ./Startup/startup_stm32f103rbtx.o
                0x080017ec                EXTI2_IRQHandler
                0x080017ec                TIM8_TRG_COM_IRQHandler
                0x080017ec                TIM8_CC_IRQHandler
                0x080017ec                DebugMon_Handler
                0x080017ec                TIM1_CC_IRQHandler
                0x080017ec                HardFault_Handler
                0x080017ec                TIM6_IRQHandler
                0x080017ec                PVD_IRQHandler
                0x080017ec                SDIO_IRQHandler
                0x080017ec                NMI_Handler
                0x080017ec                EXTI3_IRQHandler
                0x080017ec                USB_HP_CAN_TX_IRQHandler
                0x080017ec                EXTI0_IRQHandler
                0x080017ec                I2C2_EV_IRQHandler
                0x080017ec                UsageFault_Handler
                0x080017ec                ADC1_2_IRQHandler
                0x080017ec                SPI1_IRQHandler
                0x080017ec                CAN_SCE_IRQHandler
                0x080017ec                TAMPER_IRQHandler
                0x080017ec                TIM8_UP_IRQHandler
                0x080017ec                DMA2_Channel2_IRQHandler
                0x080017ec                DMA1_Channel4_IRQHandler
                0x080017ec                USART3_IRQHandler
                0x080017ec                RTC_IRQHandler
                0x080017ec                DMA1_Channel7_IRQHandler
                0x080017ec                UART5_IRQHandler
                0x080017ec                ADC3_IRQHandler
                0x080017ec                TIM4_IRQHandler
                0x080017ec                CAN_RX1_IRQHandler
                0x080017ec                DMA2_Channel1_IRQHandler
                0x080017ec                I2C1_EV_IRQHandler
                0x080017ec                DMA1_Channel6_IRQHandler
                0x080017ec                UART4_IRQHandler
                0x080017ec                TIM3_IRQHandler
                0x080017ec                RCC_IRQHandler
                0x080017ec                TIM1_TRG_COM_IRQHandler
                0x080017ec                DMA1_Channel1_IRQHandler
                0x080017ec                Default_Handler
                0x080017ec                EXTI15_10_IRQHandler
                0x080017ec                TIM7_IRQHandler
                0x080017ec                TIM5_IRQHandler
                0x080017ec                EXTI9_5_IRQHandler
                0x080017ec                SPI2_IRQHandler
                0x080017ec                USB_LP_CAN_RX0_IRQHandler
                0x080017ec                MemManage_Handler
                0x080017ec                DMA1_Channel5_IRQHandler
                0x080017ec                EXTI4_IRQHandler
                0x080017ec                DMA1_Channel3_IRQHandler
                0x080017ec                FSMC_IRQHandler
                0x080017ec                TIM1_UP_IRQHandler
                0x080017ec                WWDG_IRQHandler
                0x080017ec                TIM2_IRQHandler
                0x080017ec                TIM1_BRK_IRQHandler
                0x080017ec                EXTI1_IRQHandler
                0x080017ec                RTCAlarm_IRQHandler
                0x080017ec                DMA2_Channel4_5_IRQHandler
                0x080017ec                USART2_IRQHandler
                0x080017ec                I2C2_ER_IRQHandler
                0x080017ec                DMA1_Channel2_IRQHandler
                0x080017ec                TIM8_BRK_IRQHandler
                0x080017ec                FLASH_IRQHandler
                0x080017ec                BusFault_Handler
                0x080017ec                SPI3_IRQHandler
                0x080017ec                I2C1_ER_IRQHandler
                0x080017ec                DMA2_Channel3_IRQHandler
 .text.vListInitialise
                0x080017ee       0x3e ./Third_Party/FreeRTOS/list.o
                0x080017ee                vListInitialise
 .text.vListInitialiseItem
                0x0800182c       0x18 ./Third_Party/FreeRTOS/list.o
                0x0800182c                vListInitialiseItem
 .text.vListInsert
                0x08001844       0x70 ./Third_Party/FreeRTOS/list.o
                0x08001844                vListInsert
 .text.uxListRemove
                0x080018b4       0x52 ./Third_Party/FreeRTOS/list.o
                0x080018b4                uxListRemove
 *fill*         0x08001906        0x2 
 .text.xQueueGenericReset
                0x08001908      0x124 ./Third_Party/FreeRTOS/queue.o
                0x08001908                xQueueGenericReset
 .text.xQueueGenericCreate
                0x08001a2c       0x9e ./Third_Party/FreeRTOS/queue.o
                0x08001a2c                xQueueGenericCreate
 .text.prvInitialiseNewQueue
                0x08001aca       0x3e ./Third_Party/FreeRTOS/queue.o
 .text.xQueueGenericSend
                0x08001b08      0x204 ./Third_Party/FreeRTOS/queue.o
                0x08001b08                xQueueGenericSend
 .text.xQueueGenericSendFromISR
                0x08001d0c      0x16c ./Third_Party/FreeRTOS/queue.o
                0x08001d0c                xQueueGenericSendFromISR
 .text.xQueueReceive
                0x08001e78      0x1c4 ./Third_Party/FreeRTOS/queue.o
                0x08001e78                xQueueReceive
 .text.prvCopyDataToQueue
                0x0800203c       0xd4 ./Third_Party/FreeRTOS/queue.o
 .text.prvCopyDataFromQueue
                0x08002110       0x4c ./Third_Party/FreeRTOS/queue.o
 .text.prvUnlockQueue
                0x0800215c       0xa4 ./Third_Party/FreeRTOS/queue.o
 .text.prvIsQueueEmpty
                0x08002200       0x2c ./Third_Party/FreeRTOS/queue.o
 .text.prvIsQueueFull
                0x0800222c       0x30 ./Third_Party/FreeRTOS/queue.o
 .text.vQueueWaitForMessageRestricted
                0x0800225c       0x68 ./Third_Party/FreeRTOS/queue.o
                0x0800225c                vQueueWaitForMessageRestricted
 .text.prvCreateTask
                0x080022c4       0x78 ./Third_Party/FreeRTOS/tasks.o
 .text.xTaskCreate
                0x0800233c       0x46 ./Third_Party/FreeRTOS/tasks.o
                0x0800233c                xTaskCreate
 .text.prvInitialiseNewTask
                0x08002382      0x110 ./Third_Party/FreeRTOS/tasks.o
 *fill*         0x08002492        0x2 
 .text.prvAddNewTaskToReadyList
                0x08002494      0x128 ./Third_Party/FreeRTOS/tasks.o
 .text.prvCreateIdleTasks
                0x080025bc       0x94 ./Third_Party/FreeRTOS/tasks.o
 .text.vTaskStartScheduler
                0x08002650       0x88 ./Third_Party/FreeRTOS/tasks.o
                0x08002650                vTaskStartScheduler
 .text.vTaskSuspendAll
                0x080026d8       0x1c ./Third_Party/FreeRTOS/tasks.o
                0x080026d8                vTaskSuspendAll
 .text.xTaskResumeAll
                0x080026f4      0x210 ./Third_Party/FreeRTOS/tasks.o
                0x080026f4                xTaskResumeAll
 .text.xTaskGetTickCount
                0x08002904       0x1c ./Third_Party/FreeRTOS/tasks.o
                0x08002904                xTaskGetTickCount
 .text.uxTaskGetNumberOfTasks
                0x08002920       0x14 ./Third_Party/FreeRTOS/tasks.o
                0x08002920                uxTaskGetNumberOfTasks
 .text.xTaskIncrementTick
                0x08002934      0x234 ./Third_Party/FreeRTOS/tasks.o
                0x08002934                xTaskIncrementTick
 .text.vTaskSwitchContext
                0x08002b68       0xb8 ./Third_Party/FreeRTOS/tasks.o
                0x08002b68                vTaskSwitchContext
 .text.vTaskPlaceOnEventList
                0x08002c20       0x4c ./Third_Party/FreeRTOS/tasks.o
                0x08002c20                vTaskPlaceOnEventList
 .text.vTaskPlaceOnEventListRestricted
                0x08002c6c       0x8c ./Third_Party/FreeRTOS/tasks.o
                0x08002c6c                vTaskPlaceOnEventListRestricted
 .text.xTaskRemoveFromEventList
                0x08002cf8      0x1b0 ./Third_Party/FreeRTOS/tasks.o
                0x08002cf8                xTaskRemoveFromEventList
 .text.vTaskInternalSetTimeOutState
                0x08002ea8       0x2c ./Third_Party/FreeRTOS/tasks.o
                0x08002ea8                vTaskInternalSetTimeOutState
 .text.xTaskCheckForTimeOut
                0x08002ed4       0xd0 ./Third_Party/FreeRTOS/tasks.o
                0x08002ed4                xTaskCheckForTimeOut
 .text.vTaskMissedYield
                0x08002fa4       0x18 ./Third_Party/FreeRTOS/tasks.o
                0x08002fa4                vTaskMissedYield
 .text.prvIdleTask
                0x08002fbc       0x30 ./Third_Party/FreeRTOS/tasks.o
 .text.prvInitialiseTaskLists
                0x08002fec       0x80 ./Third_Party/FreeRTOS/tasks.o
 .text.prvCheckTasksWaitingTermination
                0x0800306c       0x5c ./Third_Party/FreeRTOS/tasks.o
 .text.prvDeleteTCB
                0x080030c8       0x20 ./Third_Party/FreeRTOS/tasks.o
 .text.prvResetNextTaskUnblockTime
                0x080030e8       0x34 ./Third_Party/FreeRTOS/tasks.o
 .text.xTaskGetSchedulerState
                0x0800311c       0x3c ./Third_Party/FreeRTOS/tasks.o
                0x0800311c                xTaskGetSchedulerState
 .text.xTaskPriorityDisinherit
                0x08003158      0x150 ./Third_Party/FreeRTOS/tasks.o
                0x08003158                xTaskPriorityDisinherit
 .text.xTaskGenericNotifyWait
                0x080032a8      0x130 ./Third_Party/FreeRTOS/tasks.o
                0x080032a8                xTaskGenericNotifyWait
 .text.xTaskGenericNotify
                0x080033d8      0x260 ./Third_Party/FreeRTOS/tasks.o
                0x080033d8                xTaskGenericNotify
 .text.xTaskGenericNotifyFromISR
                0x08003638      0x2d0 ./Third_Party/FreeRTOS/tasks.o
                0x08003638                xTaskGenericNotifyFromISR
 .text.prvAddCurrentTaskToDelayedList
                0x08003908      0x104 ./Third_Party/FreeRTOS/tasks.o
 .text.xTimerCreateTimerTask
                0x08003a0c       0x68 ./Third_Party/FreeRTOS/timers.o
                0x08003a0c                xTimerCreateTimerTask
 .text.xTimerCreate
                0x08003a74       0x42 ./Third_Party/FreeRTOS/timers.o
                0x08003a74                xTimerCreate
 .text.prvInitialiseNewTimer
                0x08003ab6       0x72 ./Third_Party/FreeRTOS/timers.o
 .text.xTimerGenericCommandFromTask
                0x08003b28       0xa8 ./Third_Party/FreeRTOS/timers.o
                0x08003b28                xTimerGenericCommandFromTask
 .text.prvReloadTimer
                0x08003bd0       0x42 ./Third_Party/FreeRTOS/timers.o
 *fill*         0x08003c12        0x2 
 .text.prvProcessExpiredTimer
                0x08003c14       0x60 ./Third_Party/FreeRTOS/timers.o
 .text.prvTimerTask
                0x08003c74       0x26 ./Third_Party/FreeRTOS/timers.o
 *fill*         0x08003c9a        0x2 
 .text.prvProcessTimerOrBlockTask
                0x08003c9c       0x9c ./Third_Party/FreeRTOS/timers.o
 .text.prvGetNextExpireTime
                0x08003d38       0x44 ./Third_Party/FreeRTOS/timers.o
 .text.prvSampleTimeNow
                0x08003d7c       0x40 ./Third_Party/FreeRTOS/timers.o
 .text.prvInsertTimerInActiveList
                0x08003dbc       0x84 ./Third_Party/FreeRTOS/timers.o
 .text.prvProcessReceivedCommands
                0x08003e40      0x190 ./Third_Party/FreeRTOS/timers.o
 .text.prvSwitchTimerLists
                0x08003fd0       0x4c ./Third_Party/FreeRTOS/timers.o
 .text.prvCheckForValidListAndQueue
                0x0800401c       0x54 ./Third_Party/FreeRTOS/timers.o
 .text.pxPortInitialiseStack
                0x08004070       0x58 ./Third_Party/FreeRTOS/portable/GCC/ARM_CM3/port.o
                0x08004070                pxPortInitialiseStack
 .text.prvTaskExitError
                0x080040c8       0x58 ./Third_Party/FreeRTOS/portable/GCC/ARM_CM3/port.o
 .text.SVC_Handler
                0x08004120       0x28 ./Third_Party/FreeRTOS/portable/GCC/ARM_CM3/port.o
                0x08004120                SVC_Handler
 .text.prvPortStartFirstTask
                0x08004148       0x24 ./Third_Party/FreeRTOS/portable/GCC/ARM_CM3/port.o
 .text.xPortStartScheduler
                0x0800416c      0x17c ./Third_Party/FreeRTOS/portable/GCC/ARM_CM3/port.o
                0x0800416c                xPortStartScheduler
 .text.vPortEnterCritical
                0x080042e8       0x60 ./Third_Party/FreeRTOS/portable/GCC/ARM_CM3/port.o
                0x080042e8                vPortEnterCritical
 .text.vPortExitCritical
                0x08004348       0x54 ./Third_Party/FreeRTOS/portable/GCC/ARM_CM3/port.o
                0x08004348                vPortExitCritical
 *fill*         0x0800439c        0x4 
 .text.PendSV_Handler
                0x080043a0       0x48 ./Third_Party/FreeRTOS/portable/GCC/ARM_CM3/port.o
                0x080043a0                PendSV_Handler
 .text.SysTick_Handler
                0x080043e8       0x44 ./Third_Party/FreeRTOS/portable/GCC/ARM_CM3/port.o
                0x080043e8                SysTick_Handler
 .text.vPortSetupTimerInterrupt
                0x0800442c       0x34 ./Third_Party/FreeRTOS/portable/GCC/ARM_CM3/port.o
                0x0800442c                vPortSetupTimerInterrupt
 .text.vPortValidateInterruptPriority
                0x08004460       0x80 ./Third_Party/FreeRTOS/portable/GCC/ARM_CM3/port.o
                0x08004460                vPortValidateInterruptPriority
 .text.pvPortMalloc
                0x080044e0      0x264 ./Third_Party/FreeRTOS/portable/MemMang/heap_4.o
                0x080044e0                pvPortMalloc
 .text.vPortFree
                0x08004744       0xf4 ./Third_Party/FreeRTOS/portable/MemMang/heap_4.o
                0x08004744                vPortFree
 .text.prvHeapInit
                0x08004838       0xb4 ./Third_Party/FreeRTOS/portable/MemMang/heap_4.o
 .text.prvInsertBlockIntoFreeList
                0x080048ec       0xf4 ./Third_Party/FreeRTOS/portable/MemMang/heap_4.o
 .text.memset   0x080049e0       0x10 C:/ST/STM32CubeIDE_1.17.0/STM32CubeIDE/plugins/com.st.stm32cube.ide.mcu.externaltools.gnu-tools-for-stm32.12.3.rel1.win32_1.1.0.202410251130/tools/bin/../lib/gcc/arm-none-eabi/12.3.1/../../../../arm-none-eabi/lib/thumb/v7-m/nofp\libc_nano.a(libc_a-memset.o)
                0x080049e0                memset
 .text.__libc_init_array
                0x080049f0       0x48 C:/ST/STM32CubeIDE_1.17.0/STM32CubeIDE/plugins/com.st.stm32cube.ide.mcu.externaltools.gnu-tools-for-stm32.12.3.rel1.win32_1.1.0.202410251130/tools/bin/../lib/gcc/arm-none-eabi/12.3.1/../../../../arm-none-eabi/lib/thumb/v7-m/nofp\libc_nano.a(libc_a-init.o)
                0x080049f0                __libc_init_array
 .text.memcpy   0x08004a38       0x1c C:/ST/STM32CubeIDE_1.17.0/STM32CubeIDE/plugins/com.st.stm32cube.ide.mcu.externaltools.gnu-tools-for-stm32.12.3.rel1.win32_1.1.0.202410251130/tools/bin/../lib/gcc/arm-none-eabi/12.3.1/../../../../arm-none-eabi/lib/thumb/v7-m/nofp\libc_nano.a(libc_a-memcpy-stub.o)
                0x08004a38                memcpy
 *(.glue_7)
 .glue_7        0x08004a54        0x0 linker stubs
 *(.glue_7t)
 .glue_7t       0x08004a54        0x0 linker stubs
 *(.eh_frame)
 .eh_frame      0x08004a54        0x0 C:/ST/STM32CubeIDE_1.17.0/STM32CubeIDE/plugins/com.st.stm32cube.ide.mcu.externaltools.gnu-tools-for-stm32.12.3.rel1.win32_1.1.0.202410251130/tools/bin/../lib/gcc/arm-none-eabi/12.3.1/thumb/v7-m/nofp/crtbegin.o
 *(.init)
 .init          0x08004a54        0x4 C:/ST/STM32CubeIDE_1.17.0/STM32CubeIDE/plugins/com.st.stm32cube.ide.mcu.externaltools.gnu-tools-for-stm32.12.3.rel1.win32_1.1.0.202410251130/tools/bin/../lib/gcc/arm-none-eabi/12.3.1/thumb/v7-m/nofp/crti.o
                0x08004a54                _init
 .init          0x08004a58        0x8 C:/ST/STM32CubeIDE_1.17.0/STM32CubeIDE/plugins/com.st.stm32cube.ide.mcu.externaltools.gnu-tools-for-stm32.12.3.rel1.win32_1.1.0.202410251130/tools/bin/../lib/gcc/arm-none-eabi/12.3.1/thumb/v7-m/nofp/crtn.o
 *(.fini)
 .fini          0x08004a60        0x4 C:/ST/STM32CubeIDE_1.17.0/STM32CubeIDE/plugins/com.st.stm32cube.ide.mcu.externaltools.gnu-tools-for-stm32.12.3.rel1.win32_1.1.0.202410251130/tools/bin/../lib/gcc/arm-none-eabi/12.3.1/thumb/v7-m/nofp/crti.o
                0x08004a60                _fini
 .fini          0x08004a64        0x8 C:/ST/STM32CubeIDE_1.17.0/STM32CubeIDE/plugins/com.st.stm32cube.ide.mcu.externaltools.gnu-tools-for-stm32.12.3.rel1.win32_1.1.0.202410251130/tools/bin/../lib/gcc/arm-none-eabi/12.3.1/thumb/v7-m/nofp/crtn.o
                0x08004a6c                        . = ALIGN (0x4)
                0x08004a6c                        _etext = .

.vfp11_veneer   0x08004a6c        0x0
 .vfp11_veneer  0x08004a6c        0x0 linker stubs

.v4_bx          0x08004a6c        0x0
 .v4_bx         0x08004a6c        0x0 linker stubs

.iplt           0x08004a6c        0x0
 .iplt          0x08004a6c        0x0 C:/ST/STM32CubeIDE_1.17.0/STM32CubeIDE/plugins/com.st.stm32cube.ide.mcu.externaltools.gnu-tools-for-stm32.12.3.rel1.win32_1.1.0.202410251130/tools/bin/../lib/gcc/arm-none-eabi/12.3.1/thumb/v7-m/nofp/crtbegin.o

.rodata         0x08004a6c      0x104
                0x08004a6c                        . = ALIGN (0x4)
 *(.rodata)
 .rodata        0x08004a6c       0xb1 ./Src/Task_Handler.o
 *fill*         0x08004b1d        0x3 
 .rodata        0x08004b20       0x3e ./Src/main.o
 *fill*         0x08004b5e        0x2 
 .rodata        0x08004b60        0x5 ./Third_Party/FreeRTOS/tasks.o
 *fill*         0x08004b65        0x3 
 .rodata        0x08004b68        0x8 ./Third_Party/FreeRTOS/timers.o
 *(.rodata*)
                0x08004b70                        . = ALIGN (0x4)

.ARM.extab      0x08004b70        0x0
                0x08004b70                        . = ALIGN (0x4)
 *(.ARM.extab* .gnu.linkonce.armextab.*)
                0x08004b70                        . = ALIGN (0x4)

.ARM            0x08004b70        0x0
                0x08004b70                        . = ALIGN (0x4)
                0x08004b70                        __exidx_start = .
 *(.ARM.exidx*)
                0x08004b70                        __exidx_end = .
                0x08004b70                        . = ALIGN (0x4)

.preinit_array  0x08004b70        0x0
                0x08004b70                        . = ALIGN (0x4)
                0x08004b70                        PROVIDE (__preinit_array_start = .)
 *(.preinit_array*)
                0x08004b70                        PROVIDE (__preinit_array_end = .)
                0x08004b70                        . = ALIGN (0x4)

.init_array     0x08004b70        0x4
                0x08004b70                        . = ALIGN (0x4)
                0x08004b70                        PROVIDE (__init_array_start = .)
 *(SORT_BY_NAME(.init_array.*))
 *(.init_array*)
 .init_array    0x08004b70        0x4 C:/ST/STM32CubeIDE_1.17.0/STM32CubeIDE/plugins/com.st.stm32cube.ide.mcu.externaltools.gnu-tools-for-stm32.12.3.rel1.win32_1.1.0.202410251130/tools/bin/../lib/gcc/arm-none-eabi/12.3.1/thumb/v7-m/nofp/crtbegin.o
                0x08004b74                        PROVIDE (__init_array_end = .)
                0x08004b74                        . = ALIGN (0x4)

.fini_array     0x08004b74        0x4
                0x08004b74                        . = ALIGN (0x4)
                [!provide]                        PROVIDE (__fini_array_start = .)
 *(SORT_BY_NAME(.fini_array.*))
 *(.fini_array*)
 .fini_array    0x08004b74        0x4 C:/ST/STM32CubeIDE_1.17.0/STM32CubeIDE/plugins/com.st.stm32cube.ide.mcu.externaltools.gnu-tools-for-stm32.12.3.rel1.win32_1.1.0.202410251130/tools/bin/../lib/gcc/arm-none-eabi/12.3.1/thumb/v7-m/nofp/crtbegin.o
                [!provide]                        PROVIDE (__fini_array_end = .)
                0x08004b78                        . = ALIGN (0x4)
                0x08004b78                        _sidata = LOADADDR (.data)

.rel.dyn        0x08004b78        0x0
 .rel.iplt      0x08004b78        0x0 C:/ST/STM32CubeIDE_1.17.0/STM32CubeIDE/plugins/com.st.stm32cube.ide.mcu.externaltools.gnu-tools-for-stm32.12.3.rel1.win32_1.1.0.202410251130/tools/bin/../lib/gcc/arm-none-eabi/12.3.1/thumb/v7-m/nofp/crtbegin.o

.data           0x20000000       0x34 load address 0x08004b78
                0x20000000                        . = ALIGN (0x4)
                0x20000000                        _sdata = .
 *(.data)
 *(.data*)
 .data.led_numbers
                0x20000000        0x1 ./Src/LED_Effects.o
                0x20000000                led_numbers
 .data.middle_led
                0x20000001        0x1 ./Src/LED_Effects.o
                0x20000001                middle_led
 *fill*         0x20000002        0x2 
 .data.previous.8
                0x20000004        0x4 ./Src/LED_Effects.o
 .data.left_previous.7
                0x20000008        0x4 ./Src/LED_Effects.o
 .data.right_previous.6
                0x2000000c        0x4 ./Src/LED_Effects.o
 .data.right_next.5
                0x20000010        0x4 ./Src/LED_Effects.o
 .data.left_next.4
                0x20000014        0x4 ./Src/LED_Effects.o
 .data.left_previous.3
                0x20000018        0x4 ./Src/LED_Effects.o
 .data.right_previous.2
                0x2000001c        0x4 ./Src/LED_Effects.o
 .data.left_next.1
                0x20000020        0x4 ./Src/LED_Effects.o
 .data.right_next.0
                0x20000024        0x4 ./Src/LED_Effects.o
 .data.message_valid
                0x20000028        0x1 ./Src/Task_Handler.o
                0x20000028                message_valid
 *fill*         0x20000029        0x3 
 .data.uxTopUsedPriority
                0x2000002c        0x4 ./Third_Party/FreeRTOS/tasks.o
 .data.uxCriticalNesting
                0x20000030        0x4 ./Third_Party/FreeRTOS/portable/GCC/ARM_CM3/port.o
 *(.RamFunc)
 *(.RamFunc*)
                0x20000034                        . = ALIGN (0x4)
                0x20000034                        _edata = .

.igot.plt       0x20000034        0x0 load address 0x08004bac
 .igot.plt      0x20000034        0x0 C:/ST/STM32CubeIDE_1.17.0/STM32CubeIDE/plugins/com.st.stm32cube.ide.mcu.externaltools.gnu-tools-for-stm32.12.3.rel1.win32_1.1.0.202410251130/tools/bin/../lib/gcc/arm-none-eabi/12.3.1/thumb/v7-m/nofp/crtbegin.o
                0x20000034                        . = ALIGN (0x4)

.bss            0x20000034     0x31a4 load address 0x08004bac
                0x20000034                        _sbss = .
                0x20000034                        __bss_start__ = _sbss
 *(.bss)
 .bss           0x20000034       0x1c C:/ST/STM32CubeIDE_1.17.0/STM32CubeIDE/plugins/com.st.stm32cube.ide.mcu.externaltools.gnu-tools-for-stm32.12.3.rel1.win32_1.1.0.202410251130/tools/bin/../lib/gcc/arm-none-eabi/12.3.1/thumb/v7-m/nofp/crtbegin.o
 *(.bss*)
 .bss.reverse_index
                0x20000050        0x1 ./Src/LED_Effects.o
                0x20000050                reverse_index
 .bss.current_led_number
                0x20000051        0x1 ./Src/LED_Effects.o
                0x20000051                current_led_number
 .bss.effect    0x20000052        0x1 ./Src/LED_Effects.o
                0x20000052                effect
 *fill*         0x20000053        0x1 
 .bss.handle_led_timer
                0x20000054        0x4 ./Src/main.o
                0x20000054                handle_led_timer
 .bss.menu_task_Handle
                0x20000058        0x4 ./Src/main.o
                0x20000058                menu_task_Handle
 .bss.commmand_task_Handle
                0x2000005c        0x4 ./Src/main.o
                0x2000005c                commmand_task_Handle
 .bss.print_task_Handle
                0x20000060        0x4 ./Src/main.o
                0x20000060                print_task_Handle
 .bss.led_task_Handle
                0x20000064        0x4 ./Src/main.o
                0x20000064                led_task_Handle
 .bss.q_data    0x20000068        0x4 ./Src/main.o
                0x20000068                q_data
 .bss.q_print   0x2000006c        0x4 ./Src/main.o
                0x2000006c                q_print
 .bss.status    0x20000070        0x4 ./Src/main.o
                0x20000070                status
 .bss.pxCurrentTCB
                0x20000074        0x4 ./Third_Party/FreeRTOS/tasks.o
                0x20000074                pxCurrentTCB
 .bss.pxReadyTasksLists
                0x20000078       0x64 ./Third_Party/FreeRTOS/tasks.o
 .bss.xDelayedTaskList1
                0x200000dc       0x14 ./Third_Party/FreeRTOS/tasks.o
 .bss.xDelayedTaskList2
                0x200000f0       0x14 ./Third_Party/FreeRTOS/tasks.o
 .bss.pxDelayedTaskList
                0x20000104        0x4 ./Third_Party/FreeRTOS/tasks.o
 .bss.pxOverflowDelayedTaskList
                0x20000108        0x4 ./Third_Party/FreeRTOS/tasks.o
 .bss.xPendingReadyList
                0x2000010c       0x14 ./Third_Party/FreeRTOS/tasks.o
 .bss.xTasksWaitingTermination
                0x20000120       0x14 ./Third_Party/FreeRTOS/tasks.o
 .bss.uxDeletedTasksWaitingCleanUp
                0x20000134        0x4 ./Third_Party/FreeRTOS/tasks.o
 .bss.xSuspendedTaskList
                0x20000138       0x14 ./Third_Party/FreeRTOS/tasks.o
 .bss.uxCurrentNumberOfTasks
                0x2000014c        0x4 ./Third_Party/FreeRTOS/tasks.o
 .bss.xTickCount
                0x20000150        0x4 ./Third_Party/FreeRTOS/tasks.o
 .bss.uxTopReadyPriority
                0x20000154        0x4 ./Third_Party/FreeRTOS/tasks.o
 .bss.xSchedulerRunning
                0x20000158        0x4 ./Third_Party/FreeRTOS/tasks.o
 .bss.xPendedTicks
                0x2000015c        0x4 ./Third_Party/FreeRTOS/tasks.o
 .bss.xYieldPendings
                0x20000160        0x4 ./Third_Party/FreeRTOS/tasks.o
 .bss.xNumOfOverflows
                0x20000164        0x4 ./Third_Party/FreeRTOS/tasks.o
 .bss.uxTaskNumber
                0x20000168        0x4 ./Third_Party/FreeRTOS/tasks.o
 .bss.xNextTaskUnblockTime
                0x2000016c        0x4 ./Third_Party/FreeRTOS/tasks.o
 .bss.xIdleTaskHandles
                0x20000170        0x4 ./Third_Party/FreeRTOS/tasks.o
 .bss.uxSchedulerSuspended
                0x20000174        0x4 ./Third_Party/FreeRTOS/tasks.o
 .bss.xActiveTimerList1
                0x20000178       0x14 ./Third_Party/FreeRTOS/timers.o
 .bss.xActiveTimerList2
                0x2000018c       0x14 ./Third_Party/FreeRTOS/timers.o
 .bss.pxCurrentTimerList
                0x200001a0        0x4 ./Third_Party/FreeRTOS/timers.o
 .bss.pxOverflowTimerList
                0x200001a4        0x4 ./Third_Party/FreeRTOS/timers.o
 .bss.xTimerQueue
                0x200001a8        0x4 ./Third_Party/FreeRTOS/timers.o
 .bss.xTimerTaskHandle
                0x200001ac        0x4 ./Third_Party/FreeRTOS/timers.o
 .bss.xLastTime.0
                0x200001b0        0x4 ./Third_Party/FreeRTOS/timers.o
 .bss.ucMaxSysCallPriority
                0x200001b4        0x1 ./Third_Party/FreeRTOS/portable/GCC/ARM_CM3/port.o
 *fill*         0x200001b5        0x3 
 .bss.ulMaxPRIGROUPValue
                0x200001b8        0x4 ./Third_Party/FreeRTOS/portable/GCC/ARM_CM3/port.o
 .bss.ucHeap    0x200001bc     0x3000 ./Third_Party/FreeRTOS/portable/MemMang/heap_4.o
 .bss.xStart    0x200031bc        0x8 ./Third_Party/FreeRTOS/portable/MemMang/heap_4.o
 .bss.pxEnd     0x200031c4        0x4 ./Third_Party/FreeRTOS/portable/MemMang/heap_4.o
 .bss.xFreeBytesRemaining
                0x200031c8        0x4 ./Third_Party/FreeRTOS/portable/MemMang/heap_4.o
 .bss.xMinimumEverFreeBytesRemaining
                0x200031cc        0x4 ./Third_Party/FreeRTOS/portable/MemMang/heap_4.o
 .bss.xNumberOfSuccessfulAllocations
                0x200031d0        0x4 ./Third_Party/FreeRTOS/portable/MemMang/heap_4.o
 .bss.xNumberOfSuccessfulFrees
                0x200031d4        0x4 ./Third_Party/FreeRTOS/portable/MemMang/heap_4.o
 *(COMMON)
                0x200031d8                        . = ALIGN (0x4)
                0x200031d8                        _ebss = .
                0x200031d8                        __bss_end__ = _ebss

._user_heap_stack
                0x200031d8      0x600 load address 0x08004bac
                0x200031d8                        . = ALIGN (0x8)
                [!provide]                        PROVIDE (end = .)
                0x200031d8                        PROVIDE (_end = .)
                0x200033d8                        . = (. + _Min_Heap_Size)
 *fill*         0x200031d8      0x200 
                0x200037d8                        . = (. + _Min_Stack_Size)
 *fill*         0x200033d8      0x400 
                0x200037d8                        . = ALIGN (0x8)

/DISCARD/
 libc.a(*)
 libm.a(*)
 libgcc.a(*)

.ARM.attributes
                0x00000000       0x29
 *(.ARM.attributes)
 .ARM.attributes
                0x00000000       0x1d C:/ST/STM32CubeIDE_1.17.0/STM32CubeIDE/plugins/com.st.stm32cube.ide.mcu.externaltools.gnu-tools-for-stm32.12.3.rel1.win32_1.1.0.202410251130/tools/bin/../lib/gcc/arm-none-eabi/12.3.1/thumb/v7-m/nofp/crti.o
 .ARM.attributes
                0x0000001d       0x2d C:/ST/STM32CubeIDE_1.17.0/STM32CubeIDE/plugins/com.st.stm32cube.ide.mcu.externaltools.gnu-tools-for-stm32.12.3.rel1.win32_1.1.0.202410251130/tools/bin/../lib/gcc/arm-none-eabi/12.3.1/thumb/v7-m/nofp/crtbegin.o
 .ARM.attributes
                0x0000004a       0x2d ./Drivers/System_Config.o
 .ARM.attributes
                0x00000077       0x2d ./Drivers/stm32f103Driver.o
 .ARM.attributes
                0x000000a4       0x2d ./Src/LED_Effects.o
 .ARM.attributes
                0x000000d1       0x2d ./Src/Task_Handler.o
 .ARM.attributes
                0x000000fe       0x2d ./Src/main.o
 .ARM.attributes
                0x0000012b       0x21 ./Startup/startup_stm32f103rbtx.o
 .ARM.attributes
                0x0000014c       0x2d ./Third_Party/FreeRTOS/list.o
 .ARM.attributes
                0x00000179       0x2d ./Third_Party/FreeRTOS/queue.o
 .ARM.attributes
                0x000001a6       0x2d ./Third_Party/FreeRTOS/tasks.o
 .ARM.attributes
                0x000001d3       0x2d ./Third_Party/FreeRTOS/timers.o
 .ARM.attributes
                0x00000200       0x2d ./Third_Party/FreeRTOS/portable/GCC/ARM_CM3/port.o
 .ARM.attributes
                0x0000022d       0x2d ./Third_Party/FreeRTOS/portable/MemMang/heap_4.o
 .ARM.attributes
                0x0000025a       0x2d C:/ST/STM32CubeIDE_1.17.0/STM32CubeIDE/plugins/com.st.stm32cube.ide.mcu.externaltools.gnu-tools-for-stm32.12.3.rel1.win32_1.1.0.202410251130/tools/bin/../lib/gcc/arm-none-eabi/12.3.1/../../../../arm-none-eabi/lib/thumb/v7-m/nofp\libc_nano.a(libc_a-memset.o)
 .ARM.attributes
                0x00000287       0x2d C:/ST/STM32CubeIDE_1.17.0/STM32CubeIDE/plugins/com.st.stm32cube.ide.mcu.externaltools.gnu-tools-for-stm32.12.3.rel1.win32_1.1.0.202410251130/tools/bin/../lib/gcc/arm-none-eabi/12.3.1/../../../../arm-none-eabi/lib/thumb/v7-m/nofp\libc_nano.a(libc_a-init.o)
 .ARM.attributes
                0x000002b4       0x2d C:/ST/STM32CubeIDE_1.17.0/STM32CubeIDE/plugins/com.st.stm32cube.ide.mcu.externaltools.gnu-tools-for-stm32.12.3.rel1.win32_1.1.0.202410251130/tools/bin/../lib/gcc/arm-none-eabi/12.3.1/../../../../arm-none-eabi/lib/thumb/v7-m/nofp\libc_nano.a(libc_a-memcpy-stub.o)
 .ARM.attributes
                0x000002e1       0x1d C:/ST/STM32CubeIDE_1.17.0/STM32CubeIDE/plugins/com.st.stm32cube.ide.mcu.externaltools.gnu-tools-for-stm32.12.3.rel1.win32_1.1.0.202410251130/tools/bin/../lib/gcc/arm-none-eabi/12.3.1/thumb/v7-m/nofp\libgcc.a(_arm_addsubdf3.o)
 .ARM.attributes
                0x000002fe       0x1d C:/ST/STM32CubeIDE_1.17.0/STM32CubeIDE/plugins/com.st.stm32cube.ide.mcu.externaltools.gnu-tools-for-stm32.12.3.rel1.win32_1.1.0.202410251130/tools/bin/../lib/gcc/arm-none-eabi/12.3.1/thumb/v7-m/nofp\libgcc.a(_arm_muldivdf3.o)
 .ARM.attributes
                0x0000031b       0x1d C:/ST/STM32CubeIDE_1.17.0/STM32CubeIDE/plugins/com.st.stm32cube.ide.mcu.externaltools.gnu-tools-for-stm32.12.3.rel1.win32_1.1.0.202410251130/tools/bin/../lib/gcc/arm-none-eabi/12.3.1/thumb/v7-m/nofp\libgcc.a(_arm_cmpdf2.o)
 .ARM.attributes
                0x00000338       0x1d C:/ST/STM32CubeIDE_1.17.0/STM32CubeIDE/plugins/com.st.stm32cube.ide.mcu.externaltools.gnu-tools-for-stm32.12.3.rel1.win32_1.1.0.202410251130/tools/bin/../lib/gcc/arm-none-eabi/12.3.1/thumb/v7-m/nofp\libgcc.a(_arm_fixunsdfsi.o)
 .ARM.attributes
                0x00000355       0x1d C:/ST/STM32CubeIDE_1.17.0/STM32CubeIDE/plugins/com.st.stm32cube.ide.mcu.externaltools.gnu-tools-for-stm32.12.3.rel1.win32_1.1.0.202410251130/tools/bin/../lib/gcc/arm-none-eabi/12.3.1/thumb/v7-m/nofp/crtn.o
OUTPUT(003_LED_Effect_Using_SW_Timer_and_USART.elf elf32-littlearm)
LOAD linker stubs
LOAD C:/ST/STM32CubeIDE_1.17.0/STM32CubeIDE/plugins/com.st.stm32cube.ide.mcu.externaltools.gnu-tools-for-stm32.12.3.rel1.win32_1.1.0.202410251130/tools/bin/../lib/gcc/arm-none-eabi/12.3.1/../../../../arm-none-eabi/lib/thumb/v7-m/nofp\libc.a
LOAD C:/ST/STM32CubeIDE_1.17.0/STM32CubeIDE/plugins/com.st.stm32cube.ide.mcu.externaltools.gnu-tools-for-stm32.12.3.rel1.win32_1.1.0.202410251130/tools/bin/../lib/gcc/arm-none-eabi/12.3.1/../../../../arm-none-eabi/lib/thumb/v7-m/nofp\libm.a
LOAD C:/ST/STM32CubeIDE_1.17.0/STM32CubeIDE/plugins/com.st.stm32cube.ide.mcu.externaltools.gnu-tools-for-stm32.12.3.rel1.win32_1.1.0.202410251130/tools/bin/../lib/gcc/arm-none-eabi/12.3.1/thumb/v7-m/nofp\libgcc.a

.debug_info     0x00000000     0x7aa3
 .debug_info    0x00000000      0x1e7 ./Drivers/System_Config.o
 .debug_info    0x000001e7     0x16b3 ./Drivers/stm32f103Driver.o
 .debug_info    0x0000189a      0x27a ./Src/LED_Effects.o
 .debug_info    0x00001b14      0x3b4 ./Src/Task_Handler.o
 .debug_info    0x00001ec8      0x56b ./Src/main.o
 .debug_info    0x00002433       0x30 ./Startup/startup_stm32f103rbtx.o
 .debug_info    0x00002463      0x2aa ./Third_Party/FreeRTOS/list.o
 .debug_info    0x0000270d     0x167d ./Third_Party/FreeRTOS/queue.o
 .debug_info    0x00003d8a     0x2382 ./Third_Party/FreeRTOS/tasks.o
 .debug_info    0x0000610c      0xe95 ./Third_Party/FreeRTOS/timers.o
 .debug_info    0x00006fa1      0x52b ./Third_Party/FreeRTOS/portable/GCC/ARM_CM3/port.o
 .debug_info    0x000074cc      0x5d7 ./Third_Party/FreeRTOS/portable/MemMang/heap_4.o

.debug_abbrev   0x00000000     0x16fe
 .debug_abbrev  0x00000000       0xe5 ./Drivers/System_Config.o
 .debug_abbrev  0x000000e5      0x2a2 ./Drivers/stm32f103Driver.o
 .debug_abbrev  0x00000387      0x12c ./Src/LED_Effects.o
 .debug_abbrev  0x000004b3      0x169 ./Src/Task_Handler.o
 .debug_abbrev  0x0000061c      0x1ea ./Src/main.o
 .debug_abbrev  0x00000806       0x24 ./Startup/startup_stm32f103rbtx.o
 .debug_abbrev  0x0000082a       0xee ./Third_Party/FreeRTOS/list.o
 .debug_abbrev  0x00000918      0x2ce ./Third_Party/FreeRTOS/queue.o
 .debug_abbrev  0x00000be6      0x391 ./Third_Party/FreeRTOS/tasks.o
 .debug_abbrev  0x00000f77      0x2d8 ./Third_Party/FreeRTOS/timers.o
 .debug_abbrev  0x0000124f      0x255 ./Third_Party/FreeRTOS/portable/GCC/ARM_CM3/port.o
 .debug_abbrev  0x000014a4      0x25a ./Third_Party/FreeRTOS/portable/MemMang/heap_4.o

.debug_aranges  0x00000000      0x7e0
 .debug_aranges
                0x00000000       0x30 ./Drivers/System_Config.o
 .debug_aranges
                0x00000030      0x1e0 ./Drivers/stm32f103Driver.o
 .debug_aranges
                0x00000210       0x40 ./Src/LED_Effects.o
 .debug_aranges
                0x00000250       0x38 ./Src/Task_Handler.o
 .debug_aranges
                0x00000288       0x28 ./Src/main.o
 .debug_aranges
                0x000002b0       0x28 ./Startup/startup_stm32f103rbtx.o
 .debug_aranges
                0x000002d8       0x40 ./Third_Party/FreeRTOS/list.o
 .debug_aranges
                0x00000318      0x110 ./Third_Party/FreeRTOS/queue.o
 .debug_aranges
                0x00000428      0x1f0 ./Third_Party/FreeRTOS/tasks.o
 .debug_aranges
                0x00000618       0xe8 ./Third_Party/FreeRTOS/timers.o
 .debug_aranges
                0x00000700       0x78 ./Third_Party/FreeRTOS/portable/GCC/ARM_CM3/port.o
 .debug_aranges
                0x00000778       0x68 ./Third_Party/FreeRTOS/portable/MemMang/heap_4.o

.debug_rnglists
                0x00000000      0x61c
 .debug_rnglists
                0x00000000       0x20 ./Drivers/System_Config.o
 .debug_rnglists
                0x00000020      0x17c ./Drivers/stm32f103Driver.o
 .debug_rnglists
                0x0000019c       0x2e ./Src/LED_Effects.o
 .debug_rnglists
                0x000001ca       0x32 ./Src/Task_Handler.o
 .debug_rnglists
                0x000001fc       0x1a ./Src/main.o
 .debug_rnglists
                0x00000216       0x19 ./Startup/startup_stm32f103rbtx.o
 .debug_rnglists
                0x0000022f       0x2b ./Third_Party/FreeRTOS/list.o
 .debug_rnglists
                0x0000025a       0xd3 ./Third_Party/FreeRTOS/queue.o
 .debug_rnglists
                0x0000032d      0x19c ./Third_Party/FreeRTOS/tasks.o
 .debug_rnglists
                0x000004c9       0xae ./Third_Party/FreeRTOS/timers.o
 .debug_rnglists
                0x00000577       0x57 ./Third_Party/FreeRTOS/portable/GCC/ARM_CM3/port.o
 .debug_rnglists
                0x000005ce       0x4e ./Third_Party/FreeRTOS/portable/MemMang/heap_4.o

.debug_macro    0x00000000     0x4514
 .debug_macro   0x00000000       0x6c ./Drivers/System_Config.o
 .debug_macro   0x0000006c      0xab4 ./Drivers/System_Config.o
 .debug_macro   0x00000b20       0x22 ./Drivers/System_Config.o
 .debug_macro   0x00000b42       0x8e ./Drivers/System_Config.o
 .debug_macro   0x00000bd0       0x51 ./Drivers/System_Config.o
 .debug_macro   0x00000c21      0x103 ./Drivers/System_Config.o
 .debug_macro   0x00000d24       0x6a ./Drivers/System_Config.o
 .debug_macro   0x00000d8e      0x1df ./Drivers/System_Config.o
 .debug_macro   0x00000f6d      0x2c2 ./Drivers/System_Config.o
 .debug_macro   0x0000122f       0x6c ./Drivers/stm32f103Driver.o
 .debug_macro   0x0000129b      0x112 ./Src/LED_Effects.o
 .debug_macro   0x000013ad      0x189 ./Src/LED_Effects.o
 .debug_macro   0x00001536       0x16 ./Src/LED_Effects.o
 .debug_macro   0x0000154c      0x12b ./Src/LED_Effects.o
 .debug_macro   0x00001677       0x1c ./Src/LED_Effects.o
 .debug_macro   0x00001693      0x182 ./Src/LED_Effects.o
 .debug_macro   0x00001815       0xee ./Src/LED_Effects.o
 .debug_macro   0x00001903       0x2e ./Src/LED_Effects.o
 .debug_macro   0x00001931       0x1f ./Src/LED_Effects.o
 .debug_macro   0x00001950       0x12 ./Src/LED_Effects.o
 .debug_macro   0x00001962     0x10f6 ./Src/LED_Effects.o
 .debug_macro   0x00002a58       0xc3 ./Src/LED_Effects.o
 .debug_macro   0x00002b1b      0x14f ./Src/LED_Effects.o
 .debug_macro   0x00002c6a       0x80 ./Src/LED_Effects.o
 .debug_macro   0x00002cea       0x9e ./Src/LED_Effects.o
 .debug_macro   0x00002d88      0x1e0 ./Src/Task_Handler.o
 .debug_macro   0x00002f68       0x61 ./Src/Task_Handler.o
 .debug_macro   0x00002fc9       0x24 ./Src/Task_Handler.o
 .debug_macro   0x00002fed       0x43 ./Src/Task_Handler.o
 .debug_macro   0x00003030       0x34 ./Src/Task_Handler.o
 .debug_macro   0x00003064       0x16 ./Src/Task_Handler.o
 .debug_macro   0x0000307a       0x43 ./Src/Task_Handler.o
 .debug_macro   0x000030bd       0x34 ./Src/Task_Handler.o
 .debug_macro   0x000030f1       0x10 ./Src/Task_Handler.o
 .debug_macro   0x00003101       0x58 ./Src/Task_Handler.o
 .debug_macro   0x00003159       0x8e ./Src/Task_Handler.o
 .debug_macro   0x000031e7       0x1c ./Src/Task_Handler.o
 .debug_macro   0x00003203      0x177 ./Src/Task_Handler.o
 .debug_macro   0x0000337a      0x369 ./Src/Task_Handler.o
 .debug_macro   0x000036e3       0x10 ./Src/Task_Handler.o
 .debug_macro   0x000036f3       0x35 ./Src/Task_Handler.o
 .debug_macro   0x00003728       0x20 ./Src/Task_Handler.o
 .debug_macro   0x00003748      0x112 ./Src/main.o
 .debug_macro   0x0000385a      0x1a2 ./Third_Party/FreeRTOS/list.o
 .debug_macro   0x000039fc      0x239 ./Third_Party/FreeRTOS/queue.o
 .debug_macro   0x00003c35       0x16 ./Third_Party/FreeRTOS/queue.o
 .debug_macro   0x00003c4b       0x20 ./Third_Party/FreeRTOS/queue.o
 .debug_macro   0x00003c6b      0x2bf ./Third_Party/FreeRTOS/tasks.o
 .debug_macro   0x00003f2a       0x17 ./Third_Party/FreeRTOS/tasks.o
 .debug_macro   0x00003f41      0x1f1 ./Third_Party/FreeRTOS/timers.o
 .debug_macro   0x00004132      0x1ab ./Third_Party/FreeRTOS/portable/GCC/ARM_CM3/port.o
 .debug_macro   0x000042dd      0x237 ./Third_Party/FreeRTOS/portable/MemMang/heap_4.o

.debug_line     0x00000000     0x94c9
 .debug_line    0x00000000      0x4dd ./Drivers/System_Config.o
 .debug_line    0x000004dd     0x179c ./Drivers/stm32f103Driver.o
 .debug_line    0x00001c79      0x7e8 ./Src/LED_Effects.o
 .debug_line    0x00002461      0x87b ./Src/Task_Handler.o
 .debug_line    0x00002cdc      0x759 ./Src/main.o
 .debug_line    0x00003435       0x7b ./Startup/startup_stm32f103rbtx.o
 .debug_line    0x000034b0      0x83f ./Third_Party/FreeRTOS/list.o
 .debug_line    0x00003cef     0x160b ./Third_Party/FreeRTOS/queue.o
 .debug_line    0x000052fa     0x1eca ./Third_Party/FreeRTOS/tasks.o
 .debug_line    0x000071c4      0xdfd ./Third_Party/FreeRTOS/timers.o
 .debug_line    0x00007fc1      0x91b ./Third_Party/FreeRTOS/portable/GCC/ARM_CM3/port.o
 .debug_line    0x000088dc      0xbed ./Third_Party/FreeRTOS/portable/MemMang/heap_4.o

.debug_str      0x00000000    0x1773f
 .debug_str     0x00000000     0x45f4 ./Drivers/System_Config.o
                               0x4773 (size before relaxing)
 .debug_str     0x000045f4      0x751 ./Drivers/stm32f103Driver.o
                               0x4e88 (size before relaxing)
 .debug_str     0x00004d45     0xbf5e ./Src/LED_Effects.o
                              0x106d9 (size before relaxing)
 .debug_str     0x00010ca3     0x333c ./Src/Task_Handler.o
                              0x13983 (size before relaxing)
 .debug_str     0x00013fdf       0xf6 ./Src/main.o
                              0x108c9 (size before relaxing)
 .debug_str     0x000140d5       0x3f ./Startup/startup_stm32f103rbtx.o
                                 0x8e (size before relaxing)
 .debug_str     0x00014114      0x254 ./Third_Party/FreeRTOS/list.o
                              0x10acf (size before relaxing)
 .debug_str     0x00014368      0xbbf ./Third_Party/FreeRTOS/queue.o
                              0x13325 (size before relaxing)
 .debug_str     0x00014f27     0x1491 ./Third_Party/FreeRTOS/tasks.o
                              0x1412d (size before relaxing)
 .debug_str     0x000163b8      0x4c7 ./Third_Party/FreeRTOS/timers.o
                              0x13693 (size before relaxing)
 .debug_str     0x0001687f      0x7bc ./Third_Party/FreeRTOS/portable/GCC/ARM_CM3/port.o
                               0xf501 (size before relaxing)
 .debug_str     0x0001703b      0x704 ./Third_Party/FreeRTOS/portable/MemMang/heap_4.o
                              0x12626 (size before relaxing)

.comment        0x00000000       0x43
 .comment       0x00000000       0x43 ./Drivers/System_Config.o
                                 0x44 (size before relaxing)
 .comment       0x00000043       0x44 ./Drivers/stm32f103Driver.o
 .comment       0x00000043       0x44 ./Src/LED_Effects.o
 .comment       0x00000043       0x44 ./Src/Task_Handler.o
 .comment       0x00000043       0x44 ./Src/main.o
 .comment       0x00000043       0x44 ./Third_Party/FreeRTOS/list.o
 .comment       0x00000043       0x44 ./Third_Party/FreeRTOS/queue.o
 .comment       0x00000043       0x44 ./Third_Party/FreeRTOS/tasks.o
 .comment       0x00000043       0x44 ./Third_Party/FreeRTOS/timers.o
 .comment       0x00000043       0x44 ./Third_Party/FreeRTOS/portable/GCC/ARM_CM3/port.o
 .comment       0x00000043       0x44 ./Third_Party/FreeRTOS/portable/MemMang/heap_4.o

.debug_frame    0x00000000     0x217c
 .debug_frame   0x00000000       0x78 ./Drivers/System_Config.o
 .debug_frame   0x00000078      0x850 ./Drivers/stm32f103Driver.o
 .debug_frame   0x000008c8       0xc4 ./Src/LED_Effects.o
 .debug_frame   0x0000098c       0x90 ./Src/Task_Handler.o
 .debug_frame   0x00000a1c       0x54 ./Src/main.o
 .debug_frame   0x00000a70       0xd8 ./Third_Party/FreeRTOS/list.o
 .debug_frame   0x00000b48      0x490 ./Third_Party/FreeRTOS/queue.o
 .debug_frame   0x00000fd8      0x884 ./Third_Party/FreeRTOS/tasks.o
 .debug_frame   0x0000185c      0x3bc ./Third_Party/FreeRTOS/timers.o
 .debug_frame   0x00001c18      0x198 ./Third_Party/FreeRTOS/portable/GCC/ARM_CM3/port.o
 .debug_frame   0x00001db0      0x174 ./Third_Party/FreeRTOS/portable/MemMang/heap_4.o
 .debug_frame   0x00001f24       0x20 C:/ST/STM32CubeIDE_1.17.0/STM32CubeIDE/plugins/com.st.stm32cube.ide.mcu.externaltools.gnu-tools-for-stm32.12.3.rel1.win32_1.1.0.202410251130/tools/bin/../lib/gcc/arm-none-eabi/12.3.1/../../../../arm-none-eabi/lib/thumb/v7-m/nofp\libc_nano.a(libc_a-memset.o)
 .debug_frame   0x00001f44       0x2c C:/ST/STM32CubeIDE_1.17.0/STM32CubeIDE/plugins/com.st.stm32cube.ide.mcu.externaltools.gnu-tools-for-stm32.12.3.rel1.win32_1.1.0.202410251130/tools/bin/../lib/gcc/arm-none-eabi/12.3.1/../../../../arm-none-eabi/lib/thumb/v7-m/nofp\libc_nano.a(libc_a-init.o)
 .debug_frame   0x00001f70       0x28 C:/ST/STM32CubeIDE_1.17.0/STM32CubeIDE/plugins/com.st.stm32cube.ide.mcu.externaltools.gnu-tools-for-stm32.12.3.rel1.win32_1.1.0.202410251130/tools/bin/../lib/gcc/arm-none-eabi/12.3.1/../../../../arm-none-eabi/lib/thumb/v7-m/nofp\libc_nano.a(libc_a-memcpy-stub.o)
 .debug_frame   0x00001f98       0xac C:/ST/STM32CubeIDE_1.17.0/STM32CubeIDE/plugins/com.st.stm32cube.ide.mcu.externaltools.gnu-tools-for-stm32.12.3.rel1.win32_1.1.0.202410251130/tools/bin/../lib/gcc/arm-none-eabi/12.3.1/thumb/v7-m/nofp\libgcc.a(_arm_addsubdf3.o)
 .debug_frame   0x00002044       0x50 C:/ST/STM32CubeIDE_1.17.0/STM32CubeIDE/plugins/com.st.stm32cube.ide.mcu.externaltools.gnu-tools-for-stm32.12.3.rel1.win32_1.1.0.202410251130/tools/bin/../lib/gcc/arm-none-eabi/12.3.1/thumb/v7-m/nofp\libgcc.a(_arm_muldivdf3.o)
 .debug_frame   0x00002094       0xc4 C:/ST/STM32CubeIDE_1.17.0/STM32CubeIDE/plugins/com.st.stm32cube.ide.mcu.externaltools.gnu-tools-for-stm32.12.3.rel1.win32_1.1.0.202410251130/tools/bin/../lib/gcc/arm-none-eabi/12.3.1/thumb/v7-m/nofp\libgcc.a(_arm_cmpdf2.o)
 .debug_frame   0x00002158       0x24 C:/ST/STM32CubeIDE_1.17.0/STM32CubeIDE/plugins/com.st.stm32cube.ide.mcu.externaltools.gnu-tools-for-stm32.12.3.rel1.win32_1.1.0.202410251130/tools/bin/../lib/gcc/arm-none-eabi/12.3.1/thumb/v7-m/nofp\libgcc.a(_arm_fixunsdfsi.o)

.debug_line_str
                0x00000000       0x72
 .debug_line_str
                0x00000000       0x72 ./Startup/startup_stm32f103rbtx.o
