Archive member included to satisfy reference by file (symbol)

C:/ST/STM32CubeIDE_1.17.0/STM32CubeIDE/plugins/com.st.stm32cube.ide.mcu.externaltools.gnu-tools-for-stm32.12.3.rel1.win32_1.1.0.202410251130/tools/bin/../lib/gcc/arm-none-eabi/12.3.1/../../../../arm-none-eabi/lib/thumb/v7-m/nofp\libc_nano.a(libc_a-exit.o)
                              C:/ST/STM32CubeIDE_1.17.0/STM32CubeIDE/plugins/com.st.stm32cube.ide.mcu.externaltools.gnu-tools-for-stm32.12.3.rel1.win32_1.1.0.202410251130/tools/bin/../lib/gcc/arm-none-eabi/12.3.1/../../../../arm-none-eabi/lib/thumb/v7-m/nofp/crt0.o (exit)
C:/ST/STM32CubeIDE_1.17.0/STM32CubeIDE/plugins/com.st.stm32cube.ide.mcu.externaltools.gnu-tools-for-stm32.12.3.rel1.win32_1.1.0.202410251130/tools/bin/../lib/gcc/arm-none-eabi/12.3.1/../../../../arm-none-eabi/lib/thumb/v7-m/nofp\libc_nano.a(libc_a-findfp.o)
                              C:/ST/STM32CubeIDE_1.17.0/STM32CubeIDE/plugins/com.st.stm32cube.ide.mcu.externaltools.gnu-tools-for-stm32.12.3.rel1.win32_1.1.0.202410251130/tools/bin/../lib/gcc/arm-none-eabi/12.3.1/../../../../arm-none-eabi/lib/thumb/v7-m/nofp\libc_nano.a(libc_a-exit.o) (__stdio_exit_handler)
C:/ST/STM32CubeIDE_1.17.0/STM32CubeIDE/plugins/com.st.stm32cube.ide.mcu.externaltools.gnu-tools-for-stm32.12.3.rel1.win32_1.1.0.202410251130/tools/bin/../lib/gcc/arm-none-eabi/12.3.1/../../../../arm-none-eabi/lib/thumb/v7-m/nofp\libc_nano.a(libc_a-fwalk.o)
                              C:/ST/STM32CubeIDE_1.17.0/STM32CubeIDE/plugins/com.st.stm32cube.ide.mcu.externaltools.gnu-tools-for-stm32.12.3.rel1.win32_1.1.0.202410251130/tools/bin/../lib/gcc/arm-none-eabi/12.3.1/../../../../arm-none-eabi/lib/thumb/v7-m/nofp\libc_nano.a(libc_a-findfp.o) (_fwalk_sglue)
C:/ST/STM32CubeIDE_1.17.0/STM32CubeIDE/plugins/com.st.stm32cube.ide.mcu.externaltools.gnu-tools-for-stm32.12.3.rel1.win32_1.1.0.202410251130/tools/bin/../lib/gcc/arm-none-eabi/12.3.1/../../../../arm-none-eabi/lib/thumb/v7-m/nofp\libc_nano.a(libc_a-stdio.o)
                              C:/ST/STM32CubeIDE_1.17.0/STM32CubeIDE/plugins/com.st.stm32cube.ide.mcu.externaltools.gnu-tools-for-stm32.12.3.rel1.win32_1.1.0.202410251130/tools/bin/../lib/gcc/arm-none-eabi/12.3.1/../../../../arm-none-eabi/lib/thumb/v7-m/nofp\libc_nano.a(libc_a-findfp.o) (__sread)
C:/ST/STM32CubeIDE_1.17.0/STM32CubeIDE/plugins/com.st.stm32cube.ide.mcu.externaltools.gnu-tools-for-stm32.12.3.rel1.win32_1.1.0.202410251130/tools/bin/../lib/gcc/arm-none-eabi/12.3.1/../../../../arm-none-eabi/lib/thumb/v7-m/nofp\libc_nano.a(libc_a-memset.o)
                              C:/ST/STM32CubeIDE_1.17.0/STM32CubeIDE/plugins/com.st.stm32cube.ide.mcu.externaltools.gnu-tools-for-stm32.12.3.rel1.win32_1.1.0.202410251130/tools/bin/../lib/gcc/arm-none-eabi/12.3.1/../../../../arm-none-eabi/lib/thumb/v7-m/nofp/crt0.o (memset)
C:/ST/STM32CubeIDE_1.17.0/STM32CubeIDE/plugins/com.st.stm32cube.ide.mcu.externaltools.gnu-tools-for-stm32.12.3.rel1.win32_1.1.0.202410251130/tools/bin/../lib/gcc/arm-none-eabi/12.3.1/../../../../arm-none-eabi/lib/thumb/v7-m/nofp\libc_nano.a(libc_a-closer.o)
                              C:/ST/STM32CubeIDE_1.17.0/STM32CubeIDE/plugins/com.st.stm32cube.ide.mcu.externaltools.gnu-tools-for-stm32.12.3.rel1.win32_1.1.0.202410251130/tools/bin/../lib/gcc/arm-none-eabi/12.3.1/../../../../arm-none-eabi/lib/thumb/v7-m/nofp\libc_nano.a(libc_a-stdio.o) (_close_r)
C:/ST/STM32CubeIDE_1.17.0/STM32CubeIDE/plugins/com.st.stm32cube.ide.mcu.externaltools.gnu-tools-for-stm32.12.3.rel1.win32_1.1.0.202410251130/tools/bin/../lib/gcc/arm-none-eabi/12.3.1/../../../../arm-none-eabi/lib/thumb/v7-m/nofp\libc_nano.a(libc_a-reent.o)
                              C:/ST/STM32CubeIDE_1.17.0/STM32CubeIDE/plugins/com.st.stm32cube.ide.mcu.externaltools.gnu-tools-for-stm32.12.3.rel1.win32_1.1.0.202410251130/tools/bin/../lib/gcc/arm-none-eabi/12.3.1/../../../../arm-none-eabi/lib/thumb/v7-m/nofp\libc_nano.a(libc_a-closer.o) (errno)
C:/ST/STM32CubeIDE_1.17.0/STM32CubeIDE/plugins/com.st.stm32cube.ide.mcu.externaltools.gnu-tools-for-stm32.12.3.rel1.win32_1.1.0.202410251130/tools/bin/../lib/gcc/arm-none-eabi/12.3.1/../../../../arm-none-eabi/lib/thumb/v7-m/nofp\libc_nano.a(libc_a-impure.o)
                              C:/ST/STM32CubeIDE_1.17.0/STM32CubeIDE/plugins/com.st.stm32cube.ide.mcu.externaltools.gnu-tools-for-stm32.12.3.rel1.win32_1.1.0.202410251130/tools/bin/../lib/gcc/arm-none-eabi/12.3.1/../../../../arm-none-eabi/lib/thumb/v7-m/nofp\libc_nano.a(libc_a-reent.o) (_impure_ptr)
C:/ST/STM32CubeIDE_1.17.0/STM32CubeIDE/plugins/com.st.stm32cube.ide.mcu.externaltools.gnu-tools-for-stm32.12.3.rel1.win32_1.1.0.202410251130/tools/bin/../lib/gcc/arm-none-eabi/12.3.1/../../../../arm-none-eabi/lib/thumb/v7-m/nofp\libc_nano.a(libc_a-lseekr.o)
[...]
Memory Configuration

Name             Origin             Length             Attributes
RAM              0x20000000         0x00005000         xrw
FLASH            0x08000000         0x00020000         xr
*default*        0x00000000         0xffffffff

Linker script and memory map

LOAD C:/ST/STM32CubeIDE_1.17.0/STM32CubeIDE/plugins/com.st.stm32cube.ide.mcu.externaltools.gnu-tools-for-stm32.12.3.rel1.win32_1.1.0.202410251130/tools/bin/../lib/gcc/arm-none-eabi/12.3.1/thumb/v7-m/nofp/crti.o
LOAD C:/ST/STM32CubeIDE_1.17.0/STM32CubeIDE/plugins/com.st.stm32cube.ide.mcu.externaltools.gnu-tools-for-stm32.12.3.rel1.win32_1.1.0.202410251130/tools/bin/../lib/gcc/arm-none-eabi/12.3.1/thumb/v7-m/nofp/crtbegin.o
LOAD C:/ST/STM32CubeIDE_1.17.0/STM32CubeIDE/plugins/com.st.stm32cube.ide.mcu.externaltools.gnu-tools-for-stm32.12.3.rel1.win32_1.1.0.202410251130/tools/bin/../lib/gcc/arm-none-eabi/12.3.1/../../../../arm-none-eabi/lib/thumb/v7-m/nofp/crt0.o
LOAD ./Drivers/System_Config.o
LOAD ./Drivers/stm32f103Driver.o
LOAD ./Src/main.o
LOAD ./Src/syscalls.o
LOAD ./Src/sysmem.o
LOAD ./Startup/startup_stm32f103rbtx.o
LOAD ./Third_Party/FreeRTOS/croutine.o
LOAD ./Third_Party/FreeRTOS/event_groups.o
LOAD ./Third_Party/FreeRTOS/list.o
LOAD ./Third_Party/FreeRTOS/queue.o
LOAD ./Third_Party/FreeRTOS/stream_buffer.o
LOAD ./Third_Party/FreeRTOS/tasks.o
LOAD ./Third_Party/FreeRTOS/timers.o
LOAD ./Third_Party/FreeRTOS/portable/GCC/ARM_CM3/port.o
LOAD ./Third_Party/FreeRTOS/portable/MemMang/heap_4.o
START GROUP
LOAD C:/ST/STM32CubeIDE_1.17.0/STM32CubeIDE/plugins/com.st.stm32cube.ide.mcu.externaltools.gnu-tools-for-stm32.12.3.rel1.win32_1.1.0.202410251130/tools/bin/../lib/gcc/arm-none-eabi/12.3.1/../../../../arm-none-eabi/lib/thumb/v7-m/nofp\libc_nano.a
LOAD C:/ST/STM32CubeIDE_1.17.0/STM32CubeIDE/plugins/com.st.stm32cube.ide.mcu.externaltools.gnu-tools-for-stm32.12.3.rel1.win32_1.1.0.202410251130/tools/bin/../lib/gcc/arm-none-eabi/12.3.1/../../../../arm-none-eabi/lib/thumb/v7-m/nofp\libm.a
END GROUP
START GROUP
LOAD C:/ST/STM32CubeIDE_1.17.0/STM32CubeIDE/plugins/com.st.stm32cube.ide.mcu.externaltools.gnu-tools-for-stm32.12.3.rel1.win32_1.1.0.202410251130/tools/bin/../lib/gcc/arm-none-eabi/12.3.1/thumb/v7-m/nofp\libgcc.a
LOAD C:/ST/STM32CubeIDE_1.17.0/STM32CubeIDE/plugins/com.st.stm32cube.ide.mcu.externaltools.gnu-tools-for-stm32.12.3.rel1.win32_1.1.0.202410251130/tools/bin/../lib/gcc/arm-none-eabi/12.3.1/../../../../arm-none-eabi/lib/thumb/v7-m/nofp\libc_nano.a
END GROUP
START GROUP
LOAD C:/ST/STM32CubeIDE_1.17.0/STM32CubeIDE/plugins/com.st.stm32cube.ide.mcu.externaltools.gnu-tools-for-stm32.12.3.rel1.win32_1.1.0.202410251130/tools/bin/../lib/gcc/arm-none-eabi/12.3.1/thumb/v7-m/nofp\libgcc.a
LOAD C:/ST/STM32CubeIDE_1.17.0/STM32CubeIDE/plugins/com.st.stm32cube.ide.mcu.externaltools.gnu-tools-for-stm32.12.3.rel1.win32_1.1.0.202410251130/tools/bin/../lib/gcc/arm-none-eabi/12.3.1/../../../../arm-none-eabi/lib/thumb/v7-m/nofp\libc_nano.a
LOAD C:/ST/STM32CubeIDE_1.17.0/STM32CubeIDE/plugins/com.st.stm32cube.ide.mcu.externaltools.gnu-tools-for-stm32.12.3.rel1.win32_1.1.0.202410251130/tools/bin/../lib/gcc/arm-none-eabi/12.3.1/../../../../arm-none-eabi/lib/thumb/v7-m/nofp\libnosys.a
END GROUP
START GROUP
LOAD C:/ST/STM32CubeIDE_1.17.0/STM32CubeIDE/plugins/com.st.stm32cube.ide.mcu.externaltools.gnu-tools-for-stm32.12.3.rel1.win32_1.1.0.202410251130/tools/bin/../lib/gcc/arm-none-eabi/12.3.1/thumb/v7-m/nofp\libgcc.a
LOAD C:/ST/STM32CubeIDE_1.17.0/STM32CubeIDE/plugins/com.st.stm32cube.ide.mcu.externaltools.gnu-tools-for-stm32.12.3.rel1.win32_1.1.0.202410251130/tools/bin/../lib/gcc/arm-none-eabi/12.3.1/../../../../arm-none-eabi/lib/thumb/v7-m/nofp\libc_nano.a
LOAD C:/ST/STM32CubeIDE_1.17.0/STM32CubeIDE/plugins/com.st.stm32cube.ide.mcu.externaltools.gnu-tools-for-stm32.12.3.rel1.win32_1.1.0.202410251130/tools/bin/../lib/gcc/arm-none-eabi/12.3.1/../../../../arm-none-eabi/lib/thumb/v7-m/nofp\libnosys.a
END GROUP
LOAD C:/ST/STM32CubeIDE_1.17.0/STM32CubeIDE/plugins/com.st.stm32cube.ide.mcu.externaltools.gnu-tools-for-stm32.12.3.rel1.win32_1.1.0.202410251130/tools/bin/../lib/gcc/arm-none-eabi/12.3.1/thumb/v7-m/nofp/crtend.o
LOAD C:/ST/STM32CubeIDE_1.17.0/STM32CubeIDE/plugins/com.st.stm32cube.ide.mcu.externaltools.gnu-tools-for-stm32.12.3.rel1.win32_1.1.0.202410251130/tools/bin/../lib/gcc/arm-none-eabi/12.3.1/thumb/v7-m/nofp/crtn.o
                0x20005000                        _estack = (ORIGIN (RAM) + LENGTH (RAM))
                0x00000200                        _Min_Heap_Size = 0x200
                0x00000400                        _Min_Stack_Size = 0x400

.isr_vector     0x08000000      0x130
                0x08000000                        . = ALIGN (0x4)
 *(.isr_vector)
 .isr_vector    0x08000000      0x130 ./Startup/startup_stm32f103rbtx.o
                0x08000000                g_pfnVectors
                0x08000130                        . = ALIGN (0x4)

.text           0x08000130     0x2170
                0x08000130                        . = ALIGN (0x4)
 *(.text)
 .text          0x08000130       0x40 C:/ST/STM32CubeIDE_1.17.0/STM32CubeIDE/plugins/com.st.stm32cube.ide.mcu.externaltools.gnu-tools-for-stm32.12.3.rel1.win32_1.1.0.202410251130/tools/bin/../lib/gcc/arm-none-eabi/12.3.1/thumb/v7-m/nofp/crtbegin.o
 *(.text*)
 .text.SystemClock_Config
                0x08000170       0x90 ./Drivers/System_Config.o
                0x08000170                SystemClock_Config
 .text.NVIC_SetPriorityGrouping
                0x08000200       0x3c ./Drivers/System_Config.o
                0x08000200                NVIC_SetPriorityGrouping
 .text.Select_GPIO
                0x0800023c       0x60 ./Drivers/stm32f103Driver.o
                0x0800023c                Select_GPIO
 .text.Config_GPIO
                0x0800029c       0xa0 ./Drivers/stm32f103Driver.o
                0x0800029c                Config_GPIO
 .text.Write_GPIO
                0x0800033c       0x58 ./Drivers/stm32f103Driver.o
                0x0800033c                Write_GPIO
 .text.Read_GPIO_Pin
                0x08000394       0x40 ./Drivers/stm32f103Driver.o
                0x08000394                Read_GPIO_Pin
 .text.toggle_gpio
                0x080003d4       0x34 ./Drivers/stm32f103Driver.o
                0x080003d4                toggle_gpio
 .text.Task1_Handler
                0x08000408       0x54 ./Src/main.o
 .text.Task2_Handler
                0x0800045c       0x54 ./Src/main.o
 .text.Task3_Handler
                0x080004b0       0x5c ./Src/main.o
 .text.Task4_Handler
                0x0800050c       0x50 ./Src/main.o
 .text.main     0x0800055c      0x170 ./Src/main.o
                0x0800055c                main
 .text.Reset_Handler
                0x080006cc       0x50 ./Startup/startup_stm32f103rbtx.o
                0x080006cc                Reset_Handler
 .text.Default_Handler
                0x0800071c        0x2 ./Startup/startup_stm32f103rbtx.o
                0x0800071c                EXTI2_IRQHandler
                0x0800071c                TIM8_TRG_COM_IRQHandler
                0x0800071c                TIM8_CC_IRQHandler
                0x0800071c                DebugMon_Handler
                0x0800071c                TIM1_CC_IRQHandler
                0x0800071c                HardFault_Handler
                0x0800071c                TIM6_IRQHandler
                0x0800071c                PVD_IRQHandler
                0x0800071c                SDIO_IRQHandler
                0x0800071c                NMI_Handler
                0x0800071c                EXTI3_IRQHandler
                0x0800071c                USB_HP_CAN_TX_IRQHandler
                0x0800071c                EXTI0_IRQHandler
                0x0800071c                I2C2_EV_IRQHandler
                0x0800071c                UsageFault_Handler
                0x0800071c                ADC1_2_IRQHandler
                0x0800071c                SPI1_IRQHandler
                0x0800071c                CAN_SCE_IRQHandler
                0x0800071c                TAMPER_IRQHandler
                0x0800071c                TIM8_UP_IRQHandler
                0x0800071c                DMA2_Channel2_IRQHandler
                0x0800071c                DMA1_Channel4_IRQHandler
                0x0800071c                USART3_IRQHandler
                0x0800071c                RTC_IRQHandler
                0x0800071c                DMA1_Channel7_IRQHandler
                0x0800071c                UART5_IRQHandler
                0x0800071c                ADC3_IRQHandler
                0x0800071c                TIM4_IRQHandler
                0x0800071c                CAN_RX1_IRQHandler
                0x0800071c                DMA2_Channel1_IRQHandler
                0x0800071c                I2C1_EV_IRQHandler
                0x0800071c                DMA1_Channel6_IRQHandler
                0x0800071c                UART4_IRQHandler
                0x0800071c                TIM3_IRQHandler
                0x0800071c                RCC_IRQHandler
                0x0800071c                TIM1_TRG_COM_IRQHandler
                0x0800071c                DMA1_Channel1_IRQHandler
                0x0800071c                Default_Handler
                0x0800071c                EXTI15_10_IRQHandler
                0x0800071c                TIM7_IRQHandler
                0x0800071c                TIM5_IRQHandler
                0x0800071c                EXTI9_5_IRQHandler
                0x0800071c                SPI2_IRQHandler
                0x0800071c                USB_LP_CAN_RX0_IRQHandler
                0x0800071c                MemManage_Handler
                0x0800071c                DMA1_Channel5_IRQHandler
                0x0800071c                EXTI4_IRQHandler
                0x0800071c                DMA1_Channel3_IRQHandler
                0x0800071c                FSMC_IRQHandler
                0x0800071c                TIM1_UP_IRQHandler
                0x0800071c                WWDG_IRQHandler
                0x0800071c                TIM2_IRQHandler
                0x0800071c                TIM1_BRK_IRQHandler
                0x0800071c                EXTI1_IRQHandler
                0x0800071c                RTCAlarm_IRQHandler
                0x0800071c                DMA2_Channel4_5_IRQHandler
                0x0800071c                USART2_IRQHandler
                0x0800071c                I2C2_ER_IRQHandler
                0x0800071c                DMA1_Channel2_IRQHandler
                0x0800071c                TIM8_BRK_IRQHandler
                0x0800071c                FLASH_IRQHandler
                0x0800071c                BusFault_Handler
                0x0800071c                USART1_IRQHandler
                0x0800071c                SPI3_IRQHandler
                0x0800071c                I2C1_ER_IRQHandler
                0x0800071c                DMA2_Channel3_IRQHandler
 .text.vListInitialise
                0x0800071e       0x3e ./Third_Party/FreeRTOS/list.o
                0x0800071e                vListInitialise
 .text.vListInitialiseItem
                0x0800075c       0x18 ./Third_Party/FreeRTOS/list.o
                0x0800075c                vListInitialiseItem
 .text.vListInsertEnd
                0x08000774       0x46 ./Third_Party/FreeRTOS/list.o
                0x08000774                vListInsertEnd
 .text.vListInsert
                0x080007ba       0x70 ./Third_Party/FreeRTOS/list.o
                0x080007ba                vListInsert
 .text.uxListRemove
                0x0800082a       0x52 ./Third_Party/FreeRTOS/list.o
                0x0800082a                uxListRemove
 .text.prvCreateTask
                0x0800087c       0x78 ./Third_Party/FreeRTOS/tasks.o
 .text.xTaskCreate
                0x080008f4       0x46 ./Third_Party/FreeRTOS/tasks.o
                0x080008f4                xTaskCreate
 .text.prvInitialiseNewTask
                0x0800093a      0x110 ./Third_Party/FreeRTOS/tasks.o
 *fill*         0x08000a4a        0x2 
 .text.prvAddNewTaskToReadyList
                0x08000a4c      0x128 ./Third_Party/FreeRTOS/tasks.o
 .text.vTaskDelete
                0x08000b74      0x144 ./Third_Party/FreeRTOS/tasks.o
                0x08000b74                vTaskDelete
 .text.vTaskDelay
                0x08000cb8       0x6c ./Third_Party/FreeRTOS/tasks.o
                0x08000cb8                vTaskDelay
 .text.prvCreateIdleTasks
                0x08000d24       0x94 ./Third_Party/FreeRTOS/tasks.o
 .text.vTaskStartScheduler
                0x08000db8       0x7c ./Third_Party/FreeRTOS/tasks.o
                0x08000db8                vTaskStartScheduler
 .text.vTaskSuspendAll
                0x08000e34       0x1c ./Third_Party/FreeRTOS/tasks.o
                0x08000e34                vTaskSuspendAll
 .text.xTaskResumeAll
                0x08000e50      0x210 ./Third_Party/FreeRTOS/tasks.o
                0x08000e50                xTaskResumeAll
 .text.xTaskIncrementTick
                0x08001060      0x234 ./Third_Party/FreeRTOS/tasks.o
                0x08001060                xTaskIncrementTick
 .text.vTaskSwitchContext
                0x08001294       0xb8 ./Third_Party/FreeRTOS/tasks.o
                0x08001294                vTaskSwitchContext
 .text.prvIdleTask
                0x0800134c       0x30 ./Third_Party/FreeRTOS/tasks.o
 .text.prvInitialiseTaskLists
                0x0800137c       0x80 ./Third_Party/FreeRTOS/tasks.o
 .text.prvCheckTasksWaitingTermination
                0x080013fc       0x5c ./Third_Party/FreeRTOS/tasks.o
 .text.prvDeleteTCB
                0x08001458       0x20 ./Third_Party/FreeRTOS/tasks.o
 .text.prvResetNextTaskUnblockTime
                0x08001478       0x34 ./Third_Party/FreeRTOS/tasks.o
 .text.xTaskGenericNotifyWait
                0x080014ac      0x130 ./Third_Party/FreeRTOS/tasks.o
                0x080014ac                xTaskGenericNotifyWait
 .text.xTaskGenericNotify
                0x080015dc      0x260 ./Third_Party/FreeRTOS/tasks.o
                0x080015dc                xTaskGenericNotify
 .text.prvAddCurrentTaskToDelayedList
                0x0800183c      0x104 ./Third_Party/FreeRTOS/tasks.o
 .text.pxPortInitialiseStack
                0x08001940       0x58 ./Third_Party/FreeRTOS/portable/GCC/ARM_CM3/port.o
                0x08001940                pxPortInitialiseStack
 .text.prvTaskExitError
                0x08001998       0x58 ./Third_Party/FreeRTOS/portable/GCC/ARM_CM3/port.o
 .text.SVC_Handler
                0x080019f0       0x28 ./Third_Party/FreeRTOS/portable/GCC/ARM_CM3/port.o
                0x080019f0                SVC_Handler
 .text.prvPortStartFirstTask
                0x08001a18       0x24 ./Third_Party/FreeRTOS/portable/GCC/ARM_CM3/port.o
 .text.xPortStartScheduler
                0x08001a3c      0x17c ./Third_Party/FreeRTOS/portable/GCC/ARM_CM3/port.o
                0x08001a3c                xPortStartScheduler
 .text.vPortEnterCritical
                0x08001bb8       0x60 ./Third_Party/FreeRTOS/portable/GCC/ARM_CM3/port.o
                0x08001bb8                vPortEnterCritical
 .text.vPortExitCritical
                0x08001c18       0x54 ./Third_Party/FreeRTOS/portable/GCC/ARM_CM3/port.o
                0x08001c18                vPortExitCritical
 *fill*         0x08001c6c        0x4 
 .text.PendSV_Handler
                0x08001c70       0x48 ./Third_Party/FreeRTOS/portable/GCC/ARM_CM3/port.o
                0x08001c70                PendSV_Handler
 .text.SysTick_Handler
                0x08001cb8       0x44 ./Third_Party/FreeRTOS/portable/GCC/ARM_CM3/port.o
                0x08001cb8                SysTick_Handler
 .text.vPortSetupTimerInterrupt
                0x08001cfc       0x34 ./Third_Party/FreeRTOS/portable/GCC/ARM_CM3/port.o
                0x08001cfc                vPortSetupTimerInterrupt
 .text.pvPortMalloc
                0x08001d30      0x264 ./Third_Party/FreeRTOS/portable/MemMang/heap_4.o
                0x08001d30                pvPortMalloc
 .text.vPortFree
                0x08001f94       0xf4 ./Third_Party/FreeRTOS/portable/MemMang/heap_4.o
                0x08001f94                vPortFree
 .text.prvHeapInit
                0x08002088       0xb4 ./Third_Party/FreeRTOS/portable/MemMang/heap_4.o
 .text.prvInsertBlockIntoFreeList
                0x0800213c       0xf4 ./Third_Party/FreeRTOS/portable/MemMang/heap_4.o
 .text.memset   0x08002230       0x10 C:/ST/STM32CubeIDE_1.17.0/STM32CubeIDE/plugins/com.st.stm32cube.ide.mcu.externaltools.gnu-tools-for-stm32.12.3.rel1.win32_1.1.0.202410251130/tools/bin/../lib/gcc/arm-none-eabi/12.3.1/../../../../arm-none-eabi/lib/thumb/v7-m/nofp\libc_nano.a(libc_a-memset.o)
                0x08002230                memset
 .text.__libc_init_array
                0x08002240       0x48 C:/ST/STM32CubeIDE_1.17.0/STM32CubeIDE/plugins/com.st.stm32cube.ide.mcu.externaltools.gnu-tools-for-stm32.12.3.rel1.win32_1.1.0.202410251130/tools/bin/../lib/gcc/arm-none-eabi/12.3.1/../../../../arm-none-eabi/lib/thumb/v7-m/nofp\libc_nano.a(libc_a-init.o)
                0x08002240                __libc_init_array
 *(.glue_7)
 .glue_7        0x08002288        0x0 linker stubs
 *(.glue_7t)
 .glue_7t       0x08002288        0x0 linker stubs
 *(.eh_frame)
 .eh_frame      0x08002288        0x0 C:/ST/STM32CubeIDE_1.17.0/STM32CubeIDE/plugins/com.st.stm32cube.ide.mcu.externaltools.gnu-tools-for-stm32.12.3.rel1.win32_1.1.0.202410251130/tools/bin/../lib/gcc/arm-none-eabi/12.3.1/thumb/v7-m/nofp/crtbegin.o
 *(.init)
 .init          0x08002288        0x4 C:/ST/STM32CubeIDE_1.17.0/STM32CubeIDE/plugins/com.st.stm32cube.ide.mcu.externaltools.gnu-tools-for-stm32.12.3.rel1.win32_1.1.0.202410251130/tools/bin/../lib/gcc/arm-none-eabi/12.3.1/thumb/v7-m/nofp/crti.o
                0x08002288                _init
 .init          0x0800228c        0x8 C:/ST/STM32CubeIDE_1.17.0/STM32CubeIDE/plugins/com.st.stm32cube.ide.mcu.externaltools.gnu-tools-for-stm32.12.3.rel1.win32_1.1.0.202410251130/tools/bin/../lib/gcc/arm-none-eabi/12.3.1/thumb/v7-m/nofp/crtn.o
 *(.fini)
 .fini          0x08002294        0x4 C:/ST/STM32CubeIDE_1.17.0/STM32CubeIDE/plugins/com.st.stm32cube.ide.mcu.externaltools.gnu-tools-for-stm32.12.3.rel1.win32_1.1.0.202410251130/tools/bin/../lib/gcc/arm-none-eabi/12.3.1/thumb/v7-m/nofp/crti.o
                0x08002294                _fini
 .fini          0x08002298        0x8 C:/ST/STM32CubeIDE_1.17.0/STM32CubeIDE/plugins/com.st.stm32cube.ide.mcu.externaltools.gnu-tools-for-stm32.12.3.rel1.win32_1.1.0.202410251130/tools/bin/../lib/gcc/arm-none-eabi/12.3.1/thumb/v7-m/nofp/crtn.o
                0x080022a0                        . = ALIGN (0x4)
                0x080022a0                        _etext = .

.vfp11_veneer   0x080022a0        0x0
 .vfp11_veneer  0x080022a0        0x0 linker stubs

.v4_bx          0x080022a0        0x0
 .v4_bx         0x080022a0        0x0 linker stubs

.iplt           0x080022a0        0x0
 .iplt          0x080022a0        0x0 C:/ST/STM32CubeIDE_1.17.0/STM32CubeIDE/plugins/com.st.stm32cube.ide.mcu.externaltools.gnu-tools-for-stm32.12.3.rel1.win32_1.1.0.202410251130/tools/bin/../lib/gcc/arm-none-eabi/12.3.1/thumb/v7-m/nofp/crtbegin.o

.rodata         0x080022a0       0x34
                0x080022a0                        . = ALIGN (0x4)
 *(.rodata)
 .rodata        0x080022a0       0x2c ./Src/main.o
 .rodata        0x080022cc        0x5 ./Third_Party/FreeRTOS/tasks.o
 *(.rodata*)
                0x080022d4                        . = ALIGN (0x4)
 *fill*         0x080022d1        0x3 

.ARM.extab      0x080022d4        0x0
                0x080022d4                        . = ALIGN (0x4)
 *(.ARM.extab* .gnu.linkonce.armextab.*)
                0x080022d4                        . = ALIGN (0x4)

.ARM            0x080022d4        0x0
                0x080022d4                        . = ALIGN (0x4)
                0x080022d4                        __exidx_start = .
 *(.ARM.exidx*)
                0x080022d4                        __exidx_end = .
                0x080022d4                        . = ALIGN (0x4)

.preinit_array  0x080022d4        0x0
                0x080022d4                        . = ALIGN (0x4)
                0x080022d4                        PROVIDE (__preinit_array_start = .)
 *(.preinit_array*)
                0x080022d4                        PROVIDE (__preinit_array_end = .)
                0x080022d4                        . = ALIGN (0x4)

.init_array     0x080022d4        0x4
                0x080022d4                        . = ALIGN (0x4)
                0x080022d4                        PROVIDE (__init_array_start = .)
 *(SORT_BY_NAME(.init_array.*))
 *(.init_array*)
 .init_array    0x080022d4        0x4 C:/ST/STM32CubeIDE_1.17.0/STM32CubeIDE/plugins/com.st.stm32cube.ide.mcu.externaltools.gnu-tools-for-stm32.12.3.rel1.win32_1.1.0.202410251130/tools/bin/../lib/gcc/arm-none-eabi/12.3.1/thumb/v7-m/nofp/crtbegin.o
                0x080022d8                        PROVIDE (__init_array_end = .)
                0x080022d8                        . = ALIGN (0x4)

.fini_array     0x080022d8        0x4
                0x080022d8                        . = ALIGN (0x4)
                [!provide]                        PROVIDE (__fini_array_start = .)
 *(SORT_BY_NAME(.fini_array.*))
 *(.fini_array*)
 .fini_array    0x080022d8        0x4 C:/ST/STM32CubeIDE_1.17.0/STM32CubeIDE/plugins/com.st.stm32cube.ide.mcu.externaltools.gnu-tools-for-stm32.12.3.rel1.win32_1.1.0.202410251130/tools/bin/../lib/gcc/arm-none-eabi/12.3.1/thumb/v7-m/nofp/crtbegin.o
                [!provide]                        PROVIDE (__fini_array_end = .)
                0x080022dc                        . = ALIGN (0x4)
                0x080022dc                        _sidata = LOADADDR (.data)

.rel.dyn        0x080022dc        0x0
 .rel.iplt      0x080022dc        0x0 C:/ST/STM32CubeIDE_1.17.0/STM32CubeIDE/plugins/com.st.stm32cube.ide.mcu.externaltools.gnu-tools-for-stm32.12.3.rel1.win32_1.1.0.202410251130/tools/bin/../lib/gcc/arm-none-eabi/12.3.1/thumb/v7-m/nofp/crtbegin.o

.data           0x20000000        0x8 load address 0x080022dc
                0x20000000                        . = ALIGN (0x4)
                0x20000000                        _sdata = .
 *(.data)
 *(.data*)
 .data.uxTopUsedPriority
                0x20000000        0x4 ./Third_Party/FreeRTOS/tasks.o
 .data.uxCriticalNesting
                0x20000004        0x4 ./Third_Party/FreeRTOS/portable/GCC/ARM_CM3/port.o
 *(.RamFunc)
 *(.RamFunc*)
                0x20000008                        . = ALIGN (0x4)
                0x20000008                        _edata = .

.igot.plt       0x20000008        0x0 load address 0x080022e4
 .igot.plt      0x20000008        0x0 C:/ST/STM32CubeIDE_1.17.0/STM32CubeIDE/plugins/com.st.stm32cube.ide.mcu.externaltools.gnu-tools-for-stm32.12.3.rel1.win32_1.1.0.202410251130/tools/bin/../lib/gcc/arm-none-eabi/12.3.1/thumb/v7-m/nofp/crtbegin.o
                0x20000008                        . = ALIGN (0x4)

.bss            0x20000008     0x315c load address 0x080022e4
                0x20000008                        _sbss = .
                0x20000008                        __bss_start__ = _sbss
 *(.bss)
 .bss           0x20000008       0x1c C:/ST/STM32CubeIDE_1.17.0/STM32CubeIDE/plugins/com.st.stm32cube.ide.mcu.externaltools.gnu-tools-for-stm32.12.3.rel1.win32_1.1.0.202410251130/tools/bin/../lib/gcc/arm-none-eabi/12.3.1/thumb/v7-m/nofp/crtbegin.o
 *(.bss*)
 .bss.task1_Handle
                0x20000024        0x4 ./Src/main.o
                0x20000024                task1_Handle
 .bss.task2_Handle
                0x20000028        0x4 ./Src/main.o
                0x20000028                task2_Handle
 .bss.task3_Handle
                0x2000002c        0x4 ./Src/main.o
                0x2000002c                task3_Handle
 .bss.task4_Handle
                0x20000030        0x4 ./Src/main.o
                0x20000030                task4_Handle
 .bss.NextTask_To_Handle
                0x20000034        0x4 ./Src/main.o
                0x20000034                NextTask_To_Handle
 .bss.status    0x20000038        0x4 ./Src/main.o
                0x20000038                status
 .bss.pxCurrentTCB
                0x2000003c        0x4 ./Third_Party/FreeRTOS/tasks.o
                0x2000003c                pxCurrentTCB
 .bss.pxReadyTasksLists
                0x20000040       0x64 ./Third_Party/FreeRTOS/tasks.o
 .bss.xDelayedTaskList1
                0x200000a4       0x14 ./Third_Party/FreeRTOS/tasks.o
 .bss.xDelayedTaskList2
                0x200000b8       0x14 ./Third_Party/FreeRTOS/tasks.o
 .bss.pxDelayedTaskList
                0x200000cc        0x4 ./Third_Party/FreeRTOS/tasks.o
 .bss.pxOverflowDelayedTaskList
                0x200000d0        0x4 ./Third_Party/FreeRTOS/tasks.o
 .bss.xPendingReadyList
                0x200000d4       0x14 ./Third_Party/FreeRTOS/tasks.o
 .bss.xTasksWaitingTermination
                0x200000e8       0x14 ./Third_Party/FreeRTOS/tasks.o
 .bss.uxDeletedTasksWaitingCleanUp
                0x200000fc        0x4 ./Third_Party/FreeRTOS/tasks.o
 .bss.xSuspendedTaskList
                0x20000100       0x14 ./Third_Party/FreeRTOS/tasks.o
 .bss.uxCurrentNumberOfTasks
                0x20000114        0x4 ./Third_Party/FreeRTOS/tasks.o
 .bss.xTickCount
                0x20000118        0x4 ./Third_Party/FreeRTOS/tasks.o
 .bss.uxTopReadyPriority
                0x2000011c        0x4 ./Third_Party/FreeRTOS/tasks.o
 .bss.xSchedulerRunning
                0x20000120        0x4 ./Third_Party/FreeRTOS/tasks.o
 .bss.xPendedTicks
                0x20000124        0x4 ./Third_Party/FreeRTOS/tasks.o
 .bss.xYieldPendings
                0x20000128        0x4 ./Third_Party/FreeRTOS/tasks.o
 .bss.xNumOfOverflows
                0x2000012c        0x4 ./Third_Party/FreeRTOS/tasks.o
 .bss.uxTaskNumber
                0x20000130        0x4 ./Third_Party/FreeRTOS/tasks.o
 .bss.xNextTaskUnblockTime
                0x20000134        0x4 ./Third_Party/FreeRTOS/tasks.o
 .bss.xIdleTaskHandles
                0x20000138        0x4 ./Third_Party/FreeRTOS/tasks.o
 .bss.uxSchedulerSuspended
                0x2000013c        0x4 ./Third_Party/FreeRTOS/tasks.o
 .bss.ucMaxSysCallPriority
                0x20000140        0x1 ./Third_Party/FreeRTOS/portable/GCC/ARM_CM3/port.o
 *fill*         0x20000141        0x3 
 .bss.ulMaxPRIGROUPValue
                0x20000144        0x4 ./Third_Party/FreeRTOS/portable/GCC/ARM_CM3/port.o
 .bss.ucHeap    0x20000148     0x3000 ./Third_Party/FreeRTOS/portable/MemMang/heap_4.o
 .bss.xStart    0x20003148        0x8 ./Third_Party/FreeRTOS/portable/MemMang/heap_4.o
 .bss.pxEnd     0x20003150        0x4 ./Third_Party/FreeRTOS/portable/MemMang/heap_4.o
 .bss.xFreeBytesRemaining
                0x20003154        0x4 ./Third_Party/FreeRTOS/portable/MemMang/heap_4.o
 .bss.xMinimumEverFreeBytesRemaining
                0x20003158        0x4 ./Third_Party/FreeRTOS/portable/MemMang/heap_4.o
 .bss.xNumberOfSuccessfulAllocations
                0x2000315c        0x4 ./Third_Party/FreeRTOS/portable/MemMang/heap_4.o
 .bss.xNumberOfSuccessfulFrees
                0x20003160        0x4 ./Third_Party/FreeRTOS/portable/MemMang/heap_4.o
 *(COMMON)
                0x20003164                        . = ALIGN (0x4)
                0x20003164                        _ebss = .
                0x20003164                        __bss_end__ = _ebss

._user_heap_stack
                0x20003164      0x604 load address 0x080022e4
                0x20003168                        . = ALIGN (0x8)
 *fill*         0x20003164        0x4 
                [!provide]                        PROVIDE (end = .)
                0x20003168                        PROVIDE (_end = .)
                0x20003368                        . = (. + _Min_Heap_Size)
 *fill*         0x20003168      0x200 
                0x20003768                        . = (. + _Min_Stack_Size)
 *fill*         0x20003368      0x400 
                0x20003768                        . = ALIGN (0x8)

/DISCARD/
 libc.a(*)
 libm.a(*)
 libgcc.a(*)

.ARM.attributes
                0x00000000       0x29
 *(.ARM.attributes)
 .ARM.attributes
                0x00000000       0x1d C:/ST/STM32CubeIDE_1.17.0/STM32CubeIDE/plugins/com.st.stm32cube.ide.mcu.externaltools.gnu-tools-for-stm32.12.3.rel1.win32_1.1.0.202410251130/tools/bin/../lib/gcc/arm-none-eabi/12.3.1/thumb/v7-m/nofp/crti.o
 .ARM.attributes
                0x0000001d       0x2d C:/ST/STM32CubeIDE_1.17.0/STM32CubeIDE/plugins/com.st.stm32cube.ide.mcu.externaltools.gnu-tools-for-stm32.12.3.rel1.win32_1.1.0.202410251130/tools/bin/../lib/gcc/arm-none-eabi/12.3.1/thumb/v7-m/nofp/crtbegin.o
 .ARM.attributes
                0x0000004a       0x2d ./Drivers/System_Config.o
 .ARM.attributes
                0x00000077       0x2d ./Drivers/stm32f103Driver.o
 .ARM.attributes
                0x000000a4       0x2d ./Src/main.o
 .ARM.attributes
                0x000000d1       0x21 ./Startup/startup_stm32f103rbtx.o
 .ARM.attributes
                0x000000f2       0x2d ./Third_Party/FreeRTOS/list.o
 .ARM.attributes
                0x0000011f       0x2d ./Third_Party/FreeRTOS/tasks.o
 .ARM.attributes
                0x0000014c       0x2d ./Third_Party/FreeRTOS/portable/GCC/ARM_CM3/port.o
 .ARM.attributes
                0x00000179       0x2d ./Third_Party/FreeRTOS/portable/MemMang/heap_4.o
 .ARM.attributes
                0x000001a6       0x2d C:/ST/STM32CubeIDE_1.17.0/STM32CubeIDE/plugins/com.st.stm32cube.ide.mcu.externaltools.gnu-tools-for-stm32.12.3.rel1.win32_1.1.0.202410251130/tools/bin/../lib/gcc/arm-none-eabi/12.3.1/../../../../arm-none-eabi/lib/thumb/v7-m/nofp\libc_nano.a(libc_a-memset.o)
 .ARM.attributes
                0x000001d3       0x2d C:/ST/STM32CubeIDE_1.17.0/STM32CubeIDE/plugins/com.st.stm32cube.ide.mcu.externaltools.gnu-tools-for-stm32.12.3.rel1.win32_1.1.0.202410251130/tools/bin/../lib/gcc/arm-none-eabi/12.3.1/../../../../arm-none-eabi/lib/thumb/v7-m/nofp\libc_nano.a(libc_a-init.o)
 .ARM.attributes
                0x00000200       0x1d C:/ST/STM32CubeIDE_1.17.0/STM32CubeIDE/plugins/com.st.stm32cube.ide.mcu.externaltools.gnu-tools-for-stm32.12.3.rel1.win32_1.1.0.202410251130/tools/bin/../lib/gcc/arm-none-eabi/12.3.1/thumb/v7-m/nofp/crtn.o
OUTPUT(001_Task_Create_Delete_Notify.elf elf32-littlearm)
LOAD linker stubs
LOAD C:/ST/STM32CubeIDE_1.17.0/STM32CubeIDE/plugins/com.st.stm32cube.ide.mcu.externaltools.gnu-tools-for-stm32.12.3.rel1.win32_1.1.0.202410251130/tools/bin/../lib/gcc/arm-none-eabi/12.3.1/../../../../arm-none-eabi/lib/thumb/v7-m/nofp\libc.a
LOAD C:/ST/STM32CubeIDE_1.17.0/STM32CubeIDE/plugins/com.st.stm32cube.ide.mcu.externaltools.gnu-tools-for-stm32.12.3.rel1.win32_1.1.0.202410251130/tools/bin/../lib/gcc/arm-none-eabi/12.3.1/../../../../arm-none-eabi/lib/thumb/v7-m/nofp\libm.a
LOAD C:/ST/STM32CubeIDE_1.17.0/STM32CubeIDE/plugins/com.st.stm32cube.ide.mcu.externaltools.gnu-tools-for-stm32.12.3.rel1.win32_1.1.0.202410251130/tools/bin/../lib/gcc/arm-none-eabi/12.3.1/thumb/v7-m/nofp\libgcc.a

.debug_info     0x00000000     0x4d24
 .debug_info    0x00000000      0x1e7 ./Drivers/System_Config.o
 .debug_info    0x000001e7     0x15dd ./Drivers/stm32f103Driver.o
 .debug_info    0x000017c4      0x4be ./Src/main.o
 .debug_info    0x00001c82       0x30 ./Startup/startup_stm32f103rbtx.o
 .debug_info    0x00001cb2      0x2aa ./Third_Party/FreeRTOS/list.o
 .debug_info    0x00001f5c     0x22c6 ./Third_Party/FreeRTOS/tasks.o
 .debug_info    0x00004222      0x52b ./Third_Party/FreeRTOS/portable/GCC/ARM_CM3/port.o
 .debug_info    0x0000474d      0x5d7 ./Third_Party/FreeRTOS/portable/MemMang/heap_4.o

.debug_abbrev   0x00000000      0xe81
 .debug_abbrev  0x00000000       0xe5 ./Drivers/System_Config.o
 .debug_abbrev  0x000000e5      0x2a3 ./Drivers/stm32f103Driver.o
 .debug_abbrev  0x00000388      0x1bd ./Src/main.o
 .debug_abbrev  0x00000545       0x24 ./Startup/startup_stm32f103rbtx.o
 .debug_abbrev  0x00000569       0xee ./Third_Party/FreeRTOS/list.o
 .debug_abbrev  0x00000657      0x37b ./Third_Party/FreeRTOS/tasks.o
 .debug_abbrev  0x000009d2      0x255 ./Third_Party/FreeRTOS/portable/GCC/ARM_CM3/port.o
 .debug_abbrev  0x00000c27      0x25a ./Third_Party/FreeRTOS/portable/MemMang/heap_4.o

.debug_aranges  0x00000000      0x570
 .debug_aranges
                0x00000000       0x30 ./Drivers/System_Config.o
 .debug_aranges
                0x00000030      0x1d8 ./Drivers/stm32f103Driver.o
 .debug_aranges
                0x00000208       0x40 ./Src/main.o
 .debug_aranges
                0x00000248       0x28 ./Startup/startup_stm32f103rbtx.o
 .debug_aranges
                0x00000270       0x40 ./Third_Party/FreeRTOS/list.o
 .debug_aranges
                0x000002b0      0x1e0 ./Third_Party/FreeRTOS/tasks.o
 .debug_aranges
                0x00000490       0x78 ./Third_Party/FreeRTOS/portable/GCC/ARM_CM3/port.o
 .debug_aranges
                0x00000508       0x68 ./Third_Party/FreeRTOS/portable/MemMang/heap_4.o

.debug_rnglists
                0x00000000      0x437
 .debug_rnglists
                0x00000000       0x20 ./Drivers/System_Config.o
 .debug_rnglists
                0x00000020      0x174 ./Drivers/stm32f103Driver.o
 .debug_rnglists
                0x00000194       0x2c ./Src/main.o
 .debug_rnglists
                0x000001c0       0x19 ./Startup/startup_stm32f103rbtx.o
 .debug_rnglists
                0x000001d9       0x2b ./Third_Party/FreeRTOS/list.o
 .debug_rnglists
                0x00000204      0x18e ./Third_Party/FreeRTOS/tasks.o
 .debug_rnglists
                0x00000392       0x57 ./Third_Party/FreeRTOS/portable/GCC/ARM_CM3/port.o
 .debug_rnglists
                0x000003e9       0x4e ./Third_Party/FreeRTOS/portable/MemMang/heap_4.o

.debug_macro    0x00000000     0x3486
 .debug_macro   0x00000000       0x6c ./Drivers/System_Config.o
 .debug_macro   0x0000006c      0xab4 ./Drivers/System_Config.o
 .debug_macro   0x00000b20       0x22 ./Drivers/System_Config.o
 .debug_macro   0x00000b42       0x8e ./Drivers/System_Config.o
 .debug_macro   0x00000bd0       0x51 ./Drivers/System_Config.o
 .debug_macro   0x00000c21      0x103 ./Drivers/System_Config.o
 .debug_macro   0x00000d24       0x6a ./Drivers/System_Config.o
 .debug_macro   0x00000d8e      0x1df ./Drivers/System_Config.o
 .debug_macro   0x00000f6d      0x2c2 ./Drivers/System_Config.o
 .debug_macro   0x0000122f       0x6c ./Drivers/stm32f103Driver.o
 .debug_macro   0x0000129b       0xe8 ./Src/main.o
 .debug_macro   0x00001383      0x189 ./Src/main.o
 .debug_macro   0x0000150c       0x16 ./Src/main.o
 .debug_macro   0x00001522      0x117 ./Src/main.o
 .debug_macro   0x00001639       0x1c ./Src/main.o
 .debug_macro   0x00001655      0x182 ./Src/main.o
 .debug_macro   0x000017d7       0xee ./Src/main.o
 .debug_macro   0x000018c5       0x2e ./Src/main.o
 .debug_macro   0x000018f3       0x1f ./Src/main.o
 .debug_macro   0x00001912       0x12 ./Src/main.o
 .debug_macro   0x00001924     0x10f6 ./Src/main.o
 .debug_macro   0x00002a1a       0xc3 ./Src/main.o
 .debug_macro   0x00002add      0x14f ./Src/main.o
 .debug_macro   0x00002c2c      0x1a2 ./Third_Party/FreeRTOS/list.o
 .debug_macro   0x00002dce      0x2bf ./Third_Party/FreeRTOS/tasks.o
 .debug_macro   0x0000308d       0x17 ./Third_Party/FreeRTOS/tasks.o
 .debug_macro   0x000030a4      0x1ab ./Third_Party/FreeRTOS/portable/GCC/ARM_CM3/port.o
 .debug_macro   0x0000324f      0x237 ./Third_Party/FreeRTOS/portable/MemMang/heap_4.o

.debug_line     0x00000000     0x5ef7
 .debug_line    0x00000000      0x4dd ./Drivers/System_Config.o
 .debug_line    0x000004dd     0x1726 ./Drivers/stm32f103Driver.o
 .debug_line    0x00001c03      0x752 ./Src/main.o
 .debug_line    0x00002355       0x7b ./Startup/startup_stm32f103rbtx.o
 .debug_line    0x000023d0      0x821 ./Third_Party/FreeRTOS/list.o
 .debug_line    0x00002bf1     0x1e3a ./Third_Party/FreeRTOS/tasks.o
 .debug_line    0x00004a2b      0x8fd ./Third_Party/FreeRTOS/portable/GCC/ARM_CM3/port.o
 .debug_line    0x00005328      0xbcf ./Third_Party/FreeRTOS/portable/MemMang/heap_4.o

.debug_str      0x00000000    0x15ef1
 .debug_str     0x00000000     0x45ea ./Drivers/System_Config.o
                               0x4769 (size before relaxing)
 .debug_str     0x000045ea      0x6ff ./Drivers/stm32f103Driver.o
                               0x4e2c (size before relaxing)
 .debug_str     0x00004ce9     0xaf8c ./Src/main.o
                               0xf797 (size before relaxing)
 .debug_str     0x0000fc75       0x79 ./Startup/startup_stm32f103rbtx.o
 .debug_str     0x0000fcee     0x332f ./Third_Party/FreeRTOS/list.o
                              0x10a60 (size before relaxing)
 .debug_str     0x0001301d     0x200b ./Third_Party/FreeRTOS/tasks.o
                              0x14040 (size before relaxing)
 .debug_str     0x00015028      0x7bc ./Third_Party/FreeRTOS/portable/GCC/ARM_CM3/port.o
                               0xf492 (size before relaxing)
 .debug_str     0x000157e4      0x70d ./Third_Party/FreeRTOS/portable/MemMang/heap_4.o
                              0x125b7 (size before relaxing)

.comment        0x00000000       0x43
 .comment       0x00000000       0x43 ./Drivers/System_Config.o
                                 0x44 (size before relaxing)
 .comment       0x00000043       0x44 ./Drivers/stm32f103Driver.o
 .comment       0x00000043       0x44 ./Src/main.o
 .comment       0x00000043       0x44 ./Third_Party/FreeRTOS/list.o
 .comment       0x00000043       0x44 ./Third_Party/FreeRTOS/tasks.o
 .comment       0x00000043       0x44 ./Third_Party/FreeRTOS/portable/GCC/ARM_CM3/port.o
 .comment       0x00000043       0x44 ./Third_Party/FreeRTOS/portable/MemMang/heap_4.o

.debug_frame    0x00000000     0x15b8
 .debug_frame   0x00000000       0x78 ./Drivers/System_Config.o
 .debug_frame   0x00000078      0x828 ./Drivers/stm32f103Driver.o
 .debug_frame   0x000008a0       0xb0 ./Src/main.o
 .debug_frame   0x00000950       0xd8 ./Third_Party/FreeRTOS/list.o
 .debug_frame   0x00000a28      0x838 ./Third_Party/FreeRTOS/tasks.o
 .debug_frame   0x00001260      0x198 ./Third_Party/FreeRTOS/portable/GCC/ARM_CM3/port.o
 .debug_frame   0x000013f8      0x174 ./Third_Party/FreeRTOS/portable/MemMang/heap_4.o
 .debug_frame   0x0000156c       0x20 C:/ST/STM32CubeIDE_1.17.0/STM32CubeIDE/plugins/com.st.stm32cube.ide.mcu.externaltools.gnu-tools-for-stm32.12.3.rel1.win32_1.1.0.202410251130/tools/bin/../lib/gcc/arm-none-eabi/12.3.1/../../../../arm-none-eabi/lib/thumb/v7-m/nofp\libc_nano.a(libc_a-memset.o)
 .debug_frame   0x0000158c       0x2c C:/ST/STM32CubeIDE_1.17.0/STM32CubeIDE/plugins/com.st.stm32cube.ide.mcu.externaltools.gnu-tools-for-stm32.12.3.rel1.win32_1.1.0.202410251130/tools/bin/../lib/gcc/arm-none-eabi/12.3.1/../../../../arm-none-eabi/lib/thumb/v7-m/nofp\libc_nano.a(libc_a-init.o)

.debug_line_str
                0x00000000       0x5d
 .debug_line_str
                0x00000000       0x5d ./Startup/startup_stm32f103rbtx.o
