../Drivers/stm32f103Driver.c:18:15:Select_GPIO	16	static
../Drivers/stm32f103Driver.c:35:6:Config_GPIO	40	static
../Drivers/stm32f103Driver.c:50:6:Write_GPIO	24	static
../Drivers/stm32f103Driver.c:63:10:Read_GPIO_Pin	32	static
../Drivers/stm32f103Driver.c:74:10:Read_GPIO_Port	24	static
../Drivers/stm32f103Driver.c:82:6:toggle_gpio	24	static
../Drivers/stm32f103Driver.c:93:6:configure_gpio_interrupt	24	static,ignoring_inline_asm
../Drivers/stm32f103Driver.c:152:6:systic_init	4	static
../Drivers/stm32f103Driver.c:169:6:Sys_delay_microsecond	4	static
../Drivers/stm32f103Driver.c:181:6:Sys_Delay_Milisecond	4	static
../Drivers/stm32f103Driver.c:187:6:Delay_Sys_US	16	static
../Drivers/stm32f103Driver.c:193:6:Delay_Sys_MS	16	static
../Drivers/stm32f103Driver.c:199:6:Systic_interrupt	4	static,ignoring_inline_asm
../Drivers/stm32f103Driver.c:217:16:select_timer	16	static
../Drivers/stm32f103Driver.c:228:9:select_timer_for_capture_PWM	16	static
../Drivers/stm32f103Driver.c:248:9:select_timer_channel	16	static
../Drivers/stm32f103Driver.c:268:6:start_timer_in_Microsecond	24	static
../Drivers/stm32f103Driver.c:283:6:start_timer_in_Milisecond	24	static
../Drivers/stm32f103Driver.c:298:6:delay_microSecond	24	static
../Drivers/stm32f103Driver.c:306:6:delay_miliSecond	24	static
../Drivers/stm32f103Driver.c:314:6:timer_irq_microSecond_start	24	static,ignoring_inline_asm
../Drivers/stm32f103Driver.c:329:6:timer_irq_milisecond_start	24	static,ignoring_inline_asm
../Drivers/stm32f103Driver.c:344:6:stop_timer_irq	24	static,ignoring_inline_asm
../Drivers/stm32f103Driver.c:358:6:stop_timer	24	static
../Drivers/stm32f103Driver.c:370:6:timer_compare_MhZ	32	static
../Drivers/stm32f103Driver.c:405:6:timer_compare_khZ	32	static
../Drivers/stm32f103Driver.c:439:6:timer_PWM_Microsecond	40	static
../Drivers/stm32f103Driver.c:475:6:timer_PWM_Milisecond	40	static
../Drivers/stm32f103Driver.c:512:6:update_duty	32	static
../Drivers/stm32f103Driver.c:529:6:update_period	40	static
../Drivers/stm32f103Driver.c:569:16:select_USART	16	static
../Drivers/stm32f103Driver.c:582:10:USART_BRR	64	static
../Drivers/stm32f103Driver.c:632:6:init_USART	24	static
../Drivers/stm32f103Driver.c:661:6:USART_receive	24	static
../Drivers/stm32f103Driver.c:679:6:USART_transmit	24	static
../Drivers/stm32f103Driver.c:691:6:USART_send_string	16	static
../Drivers/stm32f103Driver.c:699:6:init_usart_receive_interrupt	24	static,ignoring_inline_asm
../Drivers/stm32f103Driver.c:720:6:init_usart_transmit_interrupt	24	static,ignoring_inline_asm
../Drivers/stm32f103Driver.c:746:6:init_SPI	24	static
../Drivers/stm32f103Driver.c:817:6:spi_transmit	16	static
../Drivers/stm32f103Driver.c:834:6:spi_send_message	24	static
../Drivers/stm32f103Driver.c:861:9:spi_receive_simplex	24	static
../Drivers/stm32f103Driver.c:884:9:spi_transmit_receive_duplex	24	static
../Drivers/stm32f103Driver.c:921:14:select_I2C	16	static
../Drivers/stm32f103Driver.c:933:6:i2c_init	24	static
../Drivers/stm32f103Driver.c:967:6:i2c_start	16	static
../Drivers/stm32f103Driver.c:979:6:i2c_send_address	24	static
../Drivers/stm32f103Driver.c:995:6:i2c_send_data	16	static
../Drivers/stm32f103Driver.c:1008:6:i2c_stop	16	static
../Drivers/stm32f103Driver.c:1028:6:i2c_write	24	static
../Drivers/stm32f103Driver.c:1045:9:get_adc_channel	24	static
../Drivers/stm32f103Driver.c:1073:14:select_ADC	16	static
../Drivers/stm32f103Driver.c:1085:6:adc_init	24	static
../Drivers/stm32f103Driver.c:1106:9:adc_data_ready	24	static
../Drivers/stm32f103Driver.c:1129:10:adc_read	24	static
../Drivers/stm32f103Driver.c:1185:6:int_to_str	32	static
