Archive member included to satisfy reference by file (symbol)

C:/ST/STM32CubeIDE_1.17.0/STM32CubeIDE/plugins/com.st.stm32cube.ide.mcu.externaltools.gnu-tools-for-stm32.12.3.rel1.win32_1.1.0.202410251130/tools/bin/../lib/gcc/arm-none-eabi/12.3.1/../../../../arm-none-eabi/lib/thumb/v7-m/nofp\libc_nano.a(libc_a-exit.o)
                              C:/ST/STM32CubeIDE_1.17.0/STM32CubeIDE/plugins/com.st.stm32cube.ide.mcu.externaltools.gnu-tools-for-stm32.12.3.rel1.win32_1.1.0.202410251130/tools/bin/../lib/gcc/arm-none-eabi/12.3.1/../../../../arm-none-eabi/lib/thumb/v7-m/nofp/crt0.o (exit)
C:/ST/STM32CubeIDE_1.17.0/STM32CubeIDE/plugins/com.st.stm32cube.ide.mcu.externaltools.gnu-tools-for-stm32.12.3.rel1.win32_1.1.0.202410251130/tools/bin/../lib/gcc/arm-none-eabi/12.3.1/../../../../arm-none-eabi/lib/thumb/v7-m/nofp\libc_nano.a(libc_a-findfp.o)
                              C:/ST/STM32CubeIDE_1.17.0/STM32CubeIDE/plugins/com.st.stm32cube.ide.mcu.externaltools.gnu-tools-for-stm32.12.3.rel1.win32_1.1.0.202410251130/tools/bin/../lib/gcc/arm-none-eabi/12.3.1/../../../../arm-none-eabi/lib/thumb/v7-m/nofp\libc_nano.a(libc_a-exit.o) (__stdio_exit_handler)
C:/ST/STM32CubeIDE_1.17.0/STM32CubeIDE/plugins/com.st.stm32cube.ide.mcu.externaltools.gnu-tools-for-stm32.12.3.rel1.win32_1.1.0.202410251130/tools/bin/../lib/gcc/arm-none-eabi/12.3.1/../../../../arm-none-eabi/lib/thumb/v7-m/nofp\libc_nano.a(libc_a-fwalk.o)
                              C:/ST/STM32CubeIDE_1.17.0/STM32CubeIDE/plugins/com.st.stm32cube.ide.mcu.externaltools.gnu-tools-for-stm32.12.3.rel1.win32_1.1.0.202410251130/tools/bin/../lib/gcc/arm-none-eabi/12.3.1/../../../../arm-none-eabi/lib/thumb/v7-m/nofp\libc_nano.a(libc_a-findfp.o) (_fwalk_sglue)
C:/ST/STM32CubeIDE_1.17.0/STM32CubeIDE/plugins/com.st.stm32cube.ide.mcu.externaltools.gnu-tools-for-stm32.12.3.rel1.win32_1.1.0.202410251130/tools/bin/../lib/gcc/arm-none-eabi/12.3.1/../../../../arm-none-eabi/lib/thumb/v7-m/nofp\libc_nano.a(libc_a-stdio.o)
                              C:/ST/STM32CubeIDE_1.17.0/STM32CubeIDE/plugins/com.st.stm32cube.ide.mcu.externaltools.gnu-tools-for-stm32.12.3.rel1.win32_1.1.0.202410251130/tools/bin/../lib/gcc/arm-none-eabi/12.3.1/../../../../arm-none-eabi/lib/thumb/v7-m/nofp\libc_nano.a(libc_a-findfp.o) (__sread)
C:/ST/STM32CubeIDE_1.17.0/STM32CubeIDE/plugins/com.st.stm32cube.ide.mcu.externaltools.gnu-tools-for-stm32.12.3.rel1.win32_1.1.0.202410251130/tools/bin/../lib/gcc/arm-none-eabi/12.3.1/../../../../arm-none-eabi/lib/thumb/v7-m/nofp\libc_nano.a(libc_a-memset.o)
                              C:/ST/STM32CubeIDE_1.17.0/STM32CubeIDE/plugins/com.st.stm32cube.ide.mcu.externaltools.gnu-tools-for-stm32.12.3.rel1.win32_1.1.0.202410251130/tools/bin/../lib/gcc/arm-none-eabi/12.3.1/../../../../arm-none-eabi/lib/thumb/v7-m/nofp/crt0.o (memset)
C:/ST/STM32CubeIDE_1.17.0/STM32CubeIDE/plugins/com.st.stm32cube.ide.mcu.externaltools.gnu-tools-for-stm32.12.3.rel1.win32_1.1.0.202410251130/tools/bin/../lib/gcc/arm-none-eabi/12.3.1/../../../../arm-none-eabi/lib/thumb/v7-m/nofp\libc_nano.a(libc_a-closer.o)
                              C:/ST/STM32CubeIDE_1.17.0/STM32CubeIDE/plugins/com.st.stm32cube.ide.mcu.externaltools.gnu-tools-for-stm32.12.3.rel1.win32_1.1.0.202410251130/tools/bin/../lib/gcc/arm-none-eabi/12.3.1/../../../../arm-none-eabi/lib/thumb/v7-m/nofp\libc_nano.a(libc_a-stdio.o) (_close_r)
C:/ST/STM32CubeIDE_1.17.0/STM32CubeIDE/plugins/com.st.stm32cube.ide.mcu.externaltools.gnu-tools-for-stm32.12.3.rel1.win32_1.1.0.202410251130/tools/bin/../lib/gcc/arm-none-eabi/12.3.1/../../../../arm-none-eabi/lib/thumb/v7-m/nofp\libc_nano.a(libc_a-reent.o)
                              C:/ST/STM32CubeIDE_1.17.0/STM32CubeIDE/plugins/com.st.stm32cube.ide.mcu.externaltools.gnu-tools-for-stm32.12.3.rel1.win32_1.1.0.202410251130/tools/bin/../lib/gcc/arm-none-eabi/12.3.1/../../../../arm-none-eabi/lib/thumb/v7-m/nofp\libc_nano.a(libc_a-closer.o) (errno)
C:/ST/STM32CubeIDE_1.17.0/STM32CubeIDE/plugins/com.st.stm32cube.ide.mcu.externaltools.gnu-tools-for-stm32.12.3.rel1.win32_1.1.0.202410251130/tools/bin/../lib/gcc/arm-none-eabi/12.3.1/../../../../arm-none-eabi/lib/thumb/v7-m/nofp\libc_nano.a(libc_a-impure.o)
                              C:/ST/STM32CubeIDE_1.17.0/STM32CubeIDE/plugins/com.st.stm32cube.ide.mcu.externaltools.gnu-tools-for-stm32.12.3.rel1.win32_1.1.0.202410251130/tools/bin/../lib/gcc/arm-none-eabi/12.3.1/../../../../arm-none-eabi/lib/thumb/v7-m/nofp\libc_nano.a(libc_a-reent.o) (_impure_ptr)
C:/ST/STM32CubeIDE_1.17.0/STM32CubeIDE/plugins/com.st.stm32cube.ide.mcu.externaltools.gnu-tools-for-stm32.12.3.rel1.win32_1.1.0.202410251130/tools/bin/../lib/gcc/arm-none-eabi/12.3.1/../../../../arm-none-eabi/lib/thumb/v7-m/nofp\libc_nano.a(libc_a-lseekr.o)
[...]
Memory Configuration

Name             Origin             Length             Attributes
RAM              0x20000000         0x00005000         xrw
FLASH            0x08000000         0x00020000         xr
*default*        0x00000000         0xffffffff

Linker script and memory map

LOAD C:/ST/STM32CubeIDE_1.17.0/STM32CubeIDE/plugins/com.st.stm32cube.ide.mcu.externaltools.gnu-tools-for-stm32.12.3.rel1.win32_1.1.0.202410251130/tools/bin/../lib/gcc/arm-none-eabi/12.3.1/thumb/v7-m/nofp/crti.o
LOAD C:/ST/STM32CubeIDE_1.17.0/STM32CubeIDE/plugins/com.st.stm32cube.ide.mcu.externaltools.gnu-tools-for-stm32.12.3.rel1.win32_1.1.0.202410251130/tools/bin/../lib/gcc/arm-none-eabi/12.3.1/thumb/v7-m/nofp/crtbegin.o
LOAD C:/ST/STM32CubeIDE_1.17.0/STM32CubeIDE/plugins/com.st.stm32cube.ide.mcu.externaltools.gnu-tools-for-stm32.12.3.rel1.win32_1.1.0.202410251130/tools/bin/../lib/gcc/arm-none-eabi/12.3.1/../../../../arm-none-eabi/lib/thumb/v7-m/nofp/crt0.o
LOAD ./Drivers/System_Config.o
LOAD ./Drivers/stm32f103Driver.o
LOAD ./Src/main.o
LOAD ./Src/syscalls.o
LOAD ./Src/sysmem.o
LOAD ./Startup/startup_stm32f103rbtx.o
LOAD ./Third_Party/FreeRTOS/croutine.o
LOAD ./Third_Party/FreeRTOS/event_groups.o
LOAD ./Third_Party/FreeRTOS/list.o
LOAD ./Third_Party/FreeRTOS/queue.o
LOAD ./Third_Party/FreeRTOS/stream_buffer.o
LOAD ./Third_Party/FreeRTOS/tasks.o
LOAD ./Third_Party/FreeRTOS/timers.o
LOAD ./Third_Party/FreeRTOS/portable/GCC/ARM_CM3/port.o
LOAD ./Third_Party/FreeRTOS/portable/MemMang/heap_4.o
START GROUP
LOAD C:/ST/STM32CubeIDE_1.17.0/STM32CubeIDE/plugins/com.st.stm32cube.ide.mcu.externaltools.gnu-tools-for-stm32.12.3.rel1.win32_1.1.0.202410251130/tools/bin/../lib/gcc/arm-none-eabi/12.3.1/../../../../arm-none-eabi/lib/thumb/v7-m/nofp\libc_nano.a
LOAD C:/ST/STM32CubeIDE_1.17.0/STM32CubeIDE/plugins/com.st.stm32cube.ide.mcu.externaltools.gnu-tools-for-stm32.12.3.rel1.win32_1.1.0.202410251130/tools/bin/../lib/gcc/arm-none-eabi/12.3.1/../../../../arm-none-eabi/lib/thumb/v7-m/nofp\libm.a
END GROUP
START GROUP
LOAD C:/ST/STM32CubeIDE_1.17.0/STM32CubeIDE/plugins/com.st.stm32cube.ide.mcu.externaltools.gnu-tools-for-stm32.12.3.rel1.win32_1.1.0.202410251130/tools/bin/../lib/gcc/arm-none-eabi/12.3.1/thumb/v7-m/nofp\libgcc.a
LOAD C:/ST/STM32CubeIDE_1.17.0/STM32CubeIDE/plugins/com.st.stm32cube.ide.mcu.externaltools.gnu-tools-for-stm32.12.3.rel1.win32_1.1.0.202410251130/tools/bin/../lib/gcc/arm-none-eabi/12.3.1/../../../../arm-none-eabi/lib/thumb/v7-m/nofp\libc_nano.a
END GROUP
START GROUP
LOAD C:/ST/STM32CubeIDE_1.17.0/STM32CubeIDE/plugins/com.st.stm32cube.ide.mcu.externaltools.gnu-tools-for-stm32.12.3.rel1.win32_1.1.0.202410251130/tools/bin/../lib/gcc/arm-none-eabi/12.3.1/thumb/v7-m/nofp\libgcc.a
LOAD C:/ST/STM32CubeIDE_1.17.0/STM32CubeIDE/plugins/com.st.stm32cube.ide.mcu.externaltools.gnu-tools-for-stm32.12.3.rel1.win32_1.1.0.202410251130/tools/bin/../lib/gcc/arm-none-eabi/12.3.1/../../../../arm-none-eabi/lib/thumb/v7-m/nofp\libc_nano.a
LOAD C:/ST/STM32CubeIDE_1.17.0/STM32CubeIDE/plugins/com.st.stm32cube.ide.mcu.externaltools.gnu-tools-for-stm32.12.3.rel1.win32_1.1.0.202410251130/tools/bin/../lib/gcc/arm-none-eabi/12.3.1/../../../../arm-none-eabi/lib/thumb/v7-m/nofp\libnosys.a
END GROUP
START GROUP
LOAD C:/ST/STM32CubeIDE_1.17.0/STM32CubeIDE/plugins/com.st.stm32cube.ide.mcu.externaltools.gnu-tools-for-stm32.12.3.rel1.win32_1.1.0.202410251130/tools/bin/../lib/gcc/arm-none-eabi/12.3.1/thumb/v7-m/nofp\libgcc.a
LOAD C:/ST/STM32CubeIDE_1.17.0/STM32CubeIDE/plugins/com.st.stm32cube.ide.mcu.externaltools.gnu-tools-for-stm32.12.3.rel1.win32_1.1.0.202410251130/tools/bin/../lib/gcc/arm-none-eabi/12.3.1/../../../../arm-none-eabi/lib/thumb/v7-m/nofp\libc_nano.a
LOAD C:/ST/STM32CubeIDE_1.17.0/STM32CubeIDE/plugins/com.st.stm32cube.ide.mcu.externaltools.gnu-tools-for-stm32.12.3.rel1.win32_1.1.0.202410251130/tools/bin/../lib/gcc/arm-none-eabi/12.3.1/../../../../arm-none-eabi/lib/thumb/v7-m/nofp\libnosys.a
END GROUP
LOAD C:/ST/STM32CubeIDE_1.17.0/STM32CubeIDE/plugins/com.st.stm32cube.ide.mcu.externaltools.gnu-tools-for-stm32.12.3.rel1.win32_1.1.0.202410251130/tools/bin/../lib/gcc/arm-none-eabi/12.3.1/thumb/v7-m/nofp/crtend.o
LOAD C:/ST/STM32CubeIDE_1.17.0/STM32CubeIDE/plugins/com.st.stm32cube.ide.mcu.externaltools.gnu-tools-for-stm32.12.3.rel1.win32_1.1.0.202410251130/tools/bin/../lib/gcc/arm-none-eabi/12.3.1/thumb/v7-m/nofp/crtn.o
                0x20005000                        _estack = (ORIGIN (RAM) + LENGTH (RAM))
                0x00000200                        _Min_Heap_Size = 0x200
                0x00000400                        _Min_Stack_Size = 0x400

.isr_vector     0x08000000      0x130
                0x08000000                        . = ALIGN (0x4)
 *(.isr_vector)
 .isr_vector    0x08000000      0x130 ./Startup/startup_stm32f103rbtx.o
                0x08000000                g_pfnVectors
                0x08000130                        . = ALIGN (0x4)

.text           0x08000130     0x23b0
                0x08000130                        . = ALIGN (0x4)
 *(.text)
 .text          0x08000130       0x40 C:/ST/STM32CubeIDE_1.17.0/STM32CubeIDE/plugins/com.st.stm32cube.ide.mcu.externaltools.gnu-tools-for-stm32.12.3.rel1.win32_1.1.0.202410251130/tools/bin/../lib/gcc/arm-none-eabi/12.3.1/thumb/v7-m/nofp/crtbegin.o
 *(.text*)
 .text.SystemClock_Config
                0x08000170       0x90 ./Drivers/System_Config.o
                0x08000170                SystemClock_Config
 .text.NVIC_SetPriorityGrouping
                0x08000200       0x3c ./Drivers/System_Config.o
                0x08000200                NVIC_SetPriorityGrouping
 .text.Select_GPIO
                0x0800023c       0x60 ./Drivers/stm32f103Driver.o
                0x0800023c                Select_GPIO
 .text.Config_GPIO
                0x0800029c       0xa0 ./Drivers/stm32f103Driver.o
                0x0800029c                Config_GPIO
 .text.Write_GPIO
                0x0800033c       0x58 ./Drivers/stm32f103Driver.o
                0x0800033c                Write_GPIO
 .text.toggle_gpio
                0x08000394       0x34 ./Drivers/stm32f103Driver.o
                0x08000394                toggle_gpio
 .text.NVIC_SetPriority
                0x080003c8       0x6e ./Drivers/stm32f103Driver.o
                0x080003c8                NVIC_SetPriority
 *fill*         0x08000436        0x2 
 .text.configure_gpio_interrupt
                0x08000438      0x1c4 ./Drivers/stm32f103Driver.o
                0x08000438                configure_gpio_interrupt
 .text.EXTI15_10_IRQHandler
                0x080005fc       0x58 ./Src/main.o
                0x080005fc                EXTI15_10_IRQHandler
 .text.Task1_Handler
                0x08000654       0x54 ./Src/main.o
 .text.Task2_Handler
                0x080006a8       0x54 ./Src/main.o
 .text.Task3_Handler
                0x080006fc       0x5c ./Src/main.o
 .text.main     0x08000758      0x12c ./Src/main.o
                0x08000758                main
 .text.Reset_Handler
                0x08000884       0x50 ./Startup/startup_stm32f103rbtx.o
                0x08000884                Reset_Handler
 .text.Default_Handler
                0x080008d4        0x2 ./Startup/startup_stm32f103rbtx.o
                0x080008d4                EXTI2_IRQHandler
                0x080008d4                TIM8_TRG_COM_IRQHandler
                0x080008d4                TIM8_CC_IRQHandler
                0x080008d4                DebugMon_Handler
                0x080008d4                TIM1_CC_IRQHandler
                0x080008d4                HardFault_Handler
                0x080008d4                TIM6_IRQHandler
                0x080008d4                PVD_IRQHandler
                0x080008d4                SDIO_IRQHandler
                0x080008d4                NMI_Handler
                0x080008d4                EXTI3_IRQHandler
                0x080008d4                USB_HP_CAN_TX_IRQHandler
                0x080008d4                EXTI0_IRQHandler
                0x080008d4                I2C2_EV_IRQHandler
                0x080008d4                UsageFault_Handler
                0x080008d4                ADC1_2_IRQHandler
                0x080008d4                SPI1_IRQHandler
                0x080008d4                CAN_SCE_IRQHandler
                0x080008d4                TAMPER_IRQHandler
                0x080008d4                TIM8_UP_IRQHandler
                0x080008d4                DMA2_Channel2_IRQHandler
                0x080008d4                DMA1_Channel4_IRQHandler
                0x080008d4                USART3_IRQHandler
                0x080008d4                RTC_IRQHandler
                0x080008d4                DMA1_Channel7_IRQHandler
                0x080008d4                UART5_IRQHandler
                0x080008d4                ADC3_IRQHandler
                0x080008d4                TIM4_IRQHandler
                0x080008d4                CAN_RX1_IRQHandler
                0x080008d4                DMA2_Channel1_IRQHandler
                0x080008d4                I2C1_EV_IRQHandler
                0x080008d4                DMA1_Channel6_IRQHandler
                0x080008d4                UART4_IRQHandler
                0x080008d4                TIM3_IRQHandler
                0x080008d4                RCC_IRQHandler
                0x080008d4                TIM1_TRG_COM_IRQHandler
                0x080008d4                DMA1_Channel1_IRQHandler
                0x080008d4                Default_Handler
                0x080008d4                TIM7_IRQHandler
                0x080008d4                TIM5_IRQHandler
                0x080008d4                EXTI9_5_IRQHandler
                0x080008d4                SPI2_IRQHandler
                0x080008d4                USB_LP_CAN_RX0_IRQHandler
                0x080008d4                MemManage_Handler
                0x080008d4                DMA1_Channel5_IRQHandler
                0x080008d4                EXTI4_IRQHandler
                0x080008d4                DMA1_Channel3_IRQHandler
                0x080008d4                FSMC_IRQHandler
                0x080008d4                TIM1_UP_IRQHandler
                0x080008d4                WWDG_IRQHandler
                0x080008d4                TIM2_IRQHandler
                0x080008d4                TIM1_BRK_IRQHandler
                0x080008d4                EXTI1_IRQHandler
                0x080008d4                RTCAlarm_IRQHandler
                0x080008d4                DMA2_Channel4_5_IRQHandler
                0x080008d4                USART2_IRQHandler
                0x080008d4                I2C2_ER_IRQHandler
                0x080008d4                DMA1_Channel2_IRQHandler
                0x080008d4                TIM8_BRK_IRQHandler
                0x080008d4                FLASH_IRQHandler
                0x080008d4                BusFault_Handler
                0x080008d4                USART1_IRQHandler
                0x080008d4                SPI3_IRQHandler
                0x080008d4                I2C1_ER_IRQHandler
                0x080008d4                DMA2_Channel3_IRQHandler
 .text.vListInitialise
                0x080008d6       0x3e ./Third_Party/FreeRTOS/list.o
                0x080008d6                vListInitialise
 .text.vListInitialiseItem
                0x08000914       0x18 ./Third_Party/FreeRTOS/list.o
                0x08000914                vListInitialiseItem
 .text.vListInsertEnd
                0x0800092c       0x46 ./Third_Party/FreeRTOS/list.o
                0x0800092c                vListInsertEnd
 .text.vListInsert
                0x08000972       0x70 ./Third_Party/FreeRTOS/list.o
                0x08000972                vListInsert
 .text.uxListRemove
                0x080009e2       0x52 ./Third_Party/FreeRTOS/list.o
                0x080009e2                uxListRemove
 .text.prvCreateTask
                0x08000a34       0x78 ./Third_Party/FreeRTOS/tasks.o
 .text.xTaskCreate
                0x08000aac       0x46 ./Third_Party/FreeRTOS/tasks.o
                0x08000aac                xTaskCreate
 .text.prvInitialiseNewTask
                0x08000af2      0x110 ./Third_Party/FreeRTOS/tasks.o
 *fill*         0x08000c02        0x2 
 .text.prvAddNewTaskToReadyList
                0x08000c04      0x128 ./Third_Party/FreeRTOS/tasks.o
 .text.vTaskDelete
                0x08000d2c      0x144 ./Third_Party/FreeRTOS/tasks.o
                0x08000d2c                vTaskDelete
 .text.prvCreateIdleTasks
                0x08000e70       0x94 ./Third_Party/FreeRTOS/tasks.o
 .text.vTaskStartScheduler
                0x08000f04       0x7c ./Third_Party/FreeRTOS/tasks.o
                0x08000f04                vTaskStartScheduler
 .text.vTaskSuspendAll
                0x08000f80       0x1c ./Third_Party/FreeRTOS/tasks.o
                0x08000f80                vTaskSuspendAll
 .text.xTaskResumeAll
                0x08000f9c      0x210 ./Third_Party/FreeRTOS/tasks.o
                0x08000f9c                xTaskResumeAll
 .text.xTaskIncrementTick
                0x080011ac      0x234 ./Third_Party/FreeRTOS/tasks.o
                0x080011ac                xTaskIncrementTick
 .text.vTaskSwitchContext
                0x080013e0       0xb8 ./Third_Party/FreeRTOS/tasks.o
                0x080013e0                vTaskSwitchContext
 .text.prvIdleTask
                0x08001498       0x30 ./Third_Party/FreeRTOS/tasks.o
 .text.prvInitialiseTaskLists
                0x080014c8       0x80 ./Third_Party/FreeRTOS/tasks.o
 .text.prvCheckTasksWaitingTermination
                0x08001548       0x5c ./Third_Party/FreeRTOS/tasks.o
 .text.prvDeleteTCB
                0x080015a4       0x20 ./Third_Party/FreeRTOS/tasks.o
 .text.prvResetNextTaskUnblockTime
                0x080015c4       0x34 ./Third_Party/FreeRTOS/tasks.o
 .text.xTaskGenericNotifyWait
                0x080015f8      0x130 ./Third_Party/FreeRTOS/tasks.o
                0x080015f8                xTaskGenericNotifyWait
 .text.xTaskGenericNotifyFromISR
                0x08001728      0x2d0 ./Third_Party/FreeRTOS/tasks.o
                0x08001728                xTaskGenericNotifyFromISR
 .text.prvAddCurrentTaskToDelayedList
                0x080019f8      0x104 ./Third_Party/FreeRTOS/tasks.o
 .text.pxPortInitialiseStack
                0x08001afc       0x58 ./Third_Party/FreeRTOS/portable/GCC/ARM_CM3/port.o
                0x08001afc                pxPortInitialiseStack
 .text.prvTaskExitError
                0x08001b54       0x58 ./Third_Party/FreeRTOS/portable/GCC/ARM_CM3/port.o
 *fill*         0x08001bac        0x4 
 .text.SVC_Handler
                0x08001bb0       0x28 ./Third_Party/FreeRTOS/portable/GCC/ARM_CM3/port.o
                0x08001bb0                SVC_Handler
 .text.prvPortStartFirstTask
                0x08001bd8       0x24 ./Third_Party/FreeRTOS/portable/GCC/ARM_CM3/port.o
 .text.xPortStartScheduler
                0x08001bfc      0x17c ./Third_Party/FreeRTOS/portable/GCC/ARM_CM3/port.o
                0x08001bfc                xPortStartScheduler
 .text.vPortEnterCritical
                0x08001d78       0x60 ./Third_Party/FreeRTOS/portable/GCC/ARM_CM3/port.o
                0x08001d78                vPortEnterCritical
 .text.vPortExitCritical
                0x08001dd8       0x54 ./Third_Party/FreeRTOS/portable/GCC/ARM_CM3/port.o
                0x08001dd8                vPortExitCritical
 *fill*         0x08001e2c        0x4 
 .text.PendSV_Handler
                0x08001e30       0x48 ./Third_Party/FreeRTOS/portable/GCC/ARM_CM3/port.o
                0x08001e30                PendSV_Handler
 .text.SysTick_Handler
                0x08001e78       0x44 ./Third_Party/FreeRTOS/portable/GCC/ARM_CM3/port.o
                0x08001e78                SysTick_Handler
 .text.vPortSetupTimerInterrupt
                0x08001ebc       0x34 ./Third_Party/FreeRTOS/portable/GCC/ARM_CM3/port.o
                0x08001ebc                vPortSetupTimerInterrupt
 .text.vPortValidateInterruptPriority
                0x08001ef0       0x80 ./Third_Party/FreeRTOS/portable/GCC/ARM_CM3/port.o
                0x08001ef0                vPortValidateInterruptPriority
 .text.pvPortMalloc
                0x08001f70      0x264 ./Third_Party/FreeRTOS/portable/MemMang/heap_4.o
                0x08001f70                pvPortMalloc
 .text.vPortFree
                0x080021d4       0xf4 ./Third_Party/FreeRTOS/portable/MemMang/heap_4.o
                0x080021d4                vPortFree
 .text.prvHeapInit
                0x080022c8       0xb4 ./Third_Party/FreeRTOS/portable/MemMang/heap_4.o
 .text.prvInsertBlockIntoFreeList
                0x0800237c       0xf4 ./Third_Party/FreeRTOS/portable/MemMang/heap_4.o
 .text.memset   0x08002470       0x10 C:/ST/STM32CubeIDE_1.17.0/STM32CubeIDE/plugins/com.st.stm32cube.ide.mcu.externaltools.gnu-tools-for-stm32.12.3.rel1.win32_1.1.0.202410251130/tools/bin/../lib/gcc/arm-none-eabi/12.3.1/../../../../arm-none-eabi/lib/thumb/v7-m/nofp\libc_nano.a(libc_a-memset.o)
                0x08002470                memset
 .text.__libc_init_array
                0x08002480       0x48 C:/ST/STM32CubeIDE_1.17.0/STM32CubeIDE/plugins/com.st.stm32cube.ide.mcu.externaltools.gnu-tools-for-stm32.12.3.rel1.win32_1.1.0.202410251130/tools/bin/../lib/gcc/arm-none-eabi/12.3.1/../../../../arm-none-eabi/lib/thumb/v7-m/nofp\libc_nano.a(libc_a-init.o)
                0x08002480                __libc_init_array
 *(.glue_7)
 .glue_7        0x080024c8        0x0 linker stubs
 *(.glue_7t)
 .glue_7t       0x080024c8        0x0 linker stubs
 *(.eh_frame)
 .eh_frame      0x080024c8        0x0 C:/ST/STM32CubeIDE_1.17.0/STM32CubeIDE/plugins/com.st.stm32cube.ide.mcu.externaltools.gnu-tools-for-stm32.12.3.rel1.win32_1.1.0.202410251130/tools/bin/../lib/gcc/arm-none-eabi/12.3.1/thumb/v7-m/nofp/crtbegin.o
 *(.init)
 .init          0x080024c8        0x4 C:/ST/STM32CubeIDE_1.17.0/STM32CubeIDE/plugins/com.st.stm32cube.ide.mcu.externaltools.gnu-tools-for-stm32.12.3.rel1.win32_1.1.0.202410251130/tools/bin/../lib/gcc/arm-none-eabi/12.3.1/thumb/v7-m/nofp/crti.o
                0x080024c8                _init
 .init          0x080024cc        0x8 C:/ST/STM32CubeIDE_1.17.0/STM32CubeIDE/plugins/com.st.stm32cube.ide.mcu.externaltools.gnu-tools-for-stm32.12.3.rel1.win32_1.1.0.202410251130/tools/bin/../lib/gcc/arm-none-eabi/12.3.1/thumb/v7-m/nofp/crtn.o
 *(.fini)
 .fini          0x080024d4        0x4 C:/ST/STM32CubeIDE_1.17.0/STM32CubeIDE/plugins/com.st.stm32cube.ide.mcu.externaltools.gnu-tools-for-stm32.12.3.rel1.win32_1.1.0.202410251130/tools/bin/../lib/gcc/arm-none-eabi/12.3.1/thumb/v7-m/nofp/crti.o
                0x080024d4                _fini
 .fini          0x080024d8        0x8 C:/ST/STM32CubeIDE_1.17.0/STM32CubeIDE/plugins/com.st.stm32cube.ide.mcu.externaltools.gnu-tools-for-stm32.12.3.rel1.win32_1.1.0.202410251130/tools/bin/../lib/gcc/arm-none-eabi/12.3.1/thumb/v7-m/nofp/crtn.o
                0x080024e0                        . = ALIGN (0x4)
                0x080024e0                        _etext = .

.vfp11_veneer   0x080024e0        0x0
 .vfp11_veneer  0x080024e0        0x0 linker stubs

.v4_bx          0x080024e0        0x0
 .v4_bx         0x080024e0        0x0 linker stubs

.iplt           0x080024e0        0x0
 .iplt          0x080024e0        0x0 C:/ST/STM32CubeIDE_1.17.0/STM32CubeIDE/plugins/com.st.stm32cube.ide.mcu.externaltools.gnu-tools-for-stm32.12.3.rel1.win32_1.1.0.202410251130/tools/bin/../lib/gcc/arm-none-eabi/12.3.1/thumb/v7-m/nofp/crtbegin.o

.rodata         0x080024e0       0x28
                0x080024e0                        . = ALIGN (0x4)
 *(.rodata)
 .rodata        0x080024e0       0x1d ./Src/main.o
 *fill*         0x080024fd        0x3 
 .rodata        0x08002500        0x5 ./Third_Party/FreeRTOS/tasks.o
 *(.rodata*)
                0x08002508                        . = ALIGN (0x4)
 *fill*         0x08002505        0x3 

.ARM.extab      0x08002508        0x0
                0x08002508                        . = ALIGN (0x4)
 *(.ARM.extab* .gnu.linkonce.armextab.*)
                0x08002508                        . = ALIGN (0x4)

.ARM            0x08002508        0x0
                0x08002508                        . = ALIGN (0x4)
                0x08002508                        __exidx_start = .
 *(.ARM.exidx*)
                0x08002508                        __exidx_end = .
                0x08002508                        . = ALIGN (0x4)

.preinit_array  0x08002508        0x0
                0x08002508                        . = ALIGN (0x4)
                0x08002508                        PROVIDE (__preinit_array_start = .)
 *(.preinit_array*)
                0x08002508                        PROVIDE (__preinit_array_end = .)
                0x08002508                        . = ALIGN (0x4)

.init_array     0x08002508        0x4
                0x08002508                        . = ALIGN (0x4)
                0x08002508                        PROVIDE (__init_array_start = .)
 *(SORT_BY_NAME(.init_array.*))
 *(.init_array*)
 .init_array    0x08002508        0x4 C:/ST/STM32CubeIDE_1.17.0/STM32CubeIDE/plugins/com.st.stm32cube.ide.mcu.externaltools.gnu-tools-for-stm32.12.3.rel1.win32_1.1.0.202410251130/tools/bin/../lib/gcc/arm-none-eabi/12.3.1/thumb/v7-m/nofp/crtbegin.o
                0x0800250c                        PROVIDE (__init_array_end = .)
                0x0800250c                        . = ALIGN (0x4)

.fini_array     0x0800250c        0x4
                0x0800250c                        . = ALIGN (0x4)
                [!provide]                        PROVIDE (__fini_array_start = .)
 *(SORT_BY_NAME(.fini_array.*))
 *(.fini_array*)
 .fini_array    0x0800250c        0x4 C:/ST/STM32CubeIDE_1.17.0/STM32CubeIDE/plugins/com.st.stm32cube.ide.mcu.externaltools.gnu-tools-for-stm32.12.3.rel1.win32_1.1.0.202410251130/tools/bin/../lib/gcc/arm-none-eabi/12.3.1/thumb/v7-m/nofp/crtbegin.o
                [!provide]                        PROVIDE (__fini_array_end = .)
                0x08002510                        . = ALIGN (0x4)
                0x08002510                        _sidata = LOADADDR (.data)

.rel.dyn        0x08002510        0x0
 .rel.iplt      0x08002510        0x0 C:/ST/STM32CubeIDE_1.17.0/STM32CubeIDE/plugins/com.st.stm32cube.ide.mcu.externaltools.gnu-tools-for-stm32.12.3.rel1.win32_1.1.0.202410251130/tools/bin/../lib/gcc/arm-none-eabi/12.3.1/thumb/v7-m/nofp/crtbegin.o

.data           0x20000000        0x8 load address 0x08002510
                0x20000000                        . = ALIGN (0x4)
                0x20000000                        _sdata = .
 *(.data)
 *(.data*)
 .data.uxTopUsedPriority
                0x20000000        0x4 ./Third_Party/FreeRTOS/tasks.o
 .data.uxCriticalNesting
                0x20000004        0x4 ./Third_Party/FreeRTOS/portable/GCC/ARM_CM3/port.o
 *(.RamFunc)
 *(.RamFunc*)
                0x20000008                        . = ALIGN (0x4)
                0x20000008                        _edata = .

.igot.plt       0x20000008        0x0 load address 0x08002518
 .igot.plt      0x20000008        0x0 C:/ST/STM32CubeIDE_1.17.0/STM32CubeIDE/plugins/com.st.stm32cube.ide.mcu.externaltools.gnu-tools-for-stm32.12.3.rel1.win32_1.1.0.202410251130/tools/bin/../lib/gcc/arm-none-eabi/12.3.1/thumb/v7-m/nofp/crtbegin.o
                0x20000008                        . = ALIGN (0x4)

.bss            0x20000008     0x315c load address 0x08002518
                0x20000008                        _sbss = .
                0x20000008                        __bss_start__ = _sbss
 *(.bss)
 .bss           0x20000008       0x1c C:/ST/STM32CubeIDE_1.17.0/STM32CubeIDE/plugins/com.st.stm32cube.ide.mcu.externaltools.gnu-tools-for-stm32.12.3.rel1.win32_1.1.0.202410251130/tools/bin/../lib/gcc/arm-none-eabi/12.3.1/thumb/v7-m/nofp/crtbegin.o
 *(.bss*)
 .bss.task1_Handle
                0x20000024        0x4 ./Src/main.o
                0x20000024                task1_Handle
 .bss.task2_Handle
                0x20000028        0x4 ./Src/main.o
                0x20000028                task2_Handle
 .bss.task3_Handle
                0x2000002c        0x4 ./Src/main.o
                0x2000002c                task3_Handle
 .bss.task4_Handle
                0x20000030        0x4 ./Src/main.o
                0x20000030                task4_Handle
 .bss.NextTask_To_Handle
                0x20000034        0x4 ./Src/main.o
                0x20000034                NextTask_To_Handle
 .bss.status    0x20000038        0x4 ./Src/main.o
                0x20000038                status
 .bss.pxCurrentTCB
                0x2000003c        0x4 ./Third_Party/FreeRTOS/tasks.o
                0x2000003c                pxCurrentTCB
 .bss.pxReadyTasksLists
                0x20000040       0x64 ./Third_Party/FreeRTOS/tasks.o
 .bss.xDelayedTaskList1
                0x200000a4       0x14 ./Third_Party/FreeRTOS/tasks.o
 .bss.xDelayedTaskList2
                0x200000b8       0x14 ./Third_Party/FreeRTOS/tasks.o
 .bss.pxDelayedTaskList
                0x200000cc        0x4 ./Third_Party/FreeRTOS/tasks.o
 .bss.pxOverflowDelayedTaskList
                0x200000d0        0x4 ./Third_Party/FreeRTOS/tasks.o
 .bss.xPendingReadyList
                0x200000d4       0x14 ./Third_Party/FreeRTOS/tasks.o
 .bss.xTasksWaitingTermination
                0x200000e8       0x14 ./Third_Party/FreeRTOS/tasks.o
 .bss.uxDeletedTasksWaitingCleanUp
                0x200000fc        0x4 ./Third_Party/FreeRTOS/tasks.o
 .bss.xSuspendedTaskList
                0x20000100       0x14 ./Third_Party/FreeRTOS/tasks.o
 .bss.uxCurrentNumberOfTasks
                0x20000114        0x4 ./Third_Party/FreeRTOS/tasks.o
 .bss.xTickCount
                0x20000118        0x4 ./Third_Party/FreeRTOS/tasks.o
 .bss.uxTopReadyPriority
                0x2000011c        0x4 ./Third_Party/FreeRTOS/tasks.o
 .bss.xSchedulerRunning
                0x20000120        0x4 ./Third_Party/FreeRTOS/tasks.o
 .bss.xPendedTicks
                0x20000124        0x4 ./Third_Party/FreeRTOS/tasks.o
 .bss.xYieldPendings
                0x20000128        0x4 ./Third_Party/FreeRTOS/tasks.o
 .bss.xNumOfOverflows
                0x2000012c        0x4 ./Third_Party/FreeRTOS/tasks.o
 .bss.uxTaskNumber
                0x20000130        0x4 ./Third_Party/FreeRTOS/tasks.o
 .bss.xNextTaskUnblockTime
                0x20000134        0x4 ./Third_Party/FreeRTOS/tasks.o
 .bss.xIdleTaskHandles
                0x20000138        0x4 ./Third_Party/FreeRTOS/tasks.o
 .bss.uxSchedulerSuspended
                0x2000013c        0x4 ./Third_Party/FreeRTOS/tasks.o
 .bss.ucMaxSysCallPriority
                0x20000140        0x1 ./Third_Party/FreeRTOS/portable/GCC/ARM_CM3/port.o
 *fill*         0x20000141        0x3 
 .bss.ulMaxPRIGROUPValue
                0x20000144        0x4 ./Third_Party/FreeRTOS/portable/GCC/ARM_CM3/port.o
 .bss.ucHeap    0x20000148     0x3000 ./Third_Party/FreeRTOS/portable/MemMang/heap_4.o
 .bss.xStart    0x20003148        0x8 ./Third_Party/FreeRTOS/portable/MemMang/heap_4.o
 .bss.pxEnd     0x20003150        0x4 ./Third_Party/FreeRTOS/portable/MemMang/heap_4.o
 .bss.xFreeBytesRemaining
                0x20003154        0x4 ./Third_Party/FreeRTOS/portable/MemMang/heap_4.o
 .bss.xMinimumEverFreeBytesRemaining
                0x20003158        0x4 ./Third_Party/FreeRTOS/portable/MemMang/heap_4.o
 .bss.xNumberOfSuccessfulAllocations
                0x2000315c        0x4 ./Third_Party/FreeRTOS/portable/MemMang/heap_4.o
 .bss.xNumberOfSuccessfulFrees
                0x20003160        0x4 ./Third_Party/FreeRTOS/portable/MemMang/heap_4.o
 *(COMMON)
                0x20003164                        . = ALIGN (0x4)
                0x20003164                        _ebss = .
                0x20003164                        __bss_end__ = _ebss

._user_heap_stack
                0x20003164      0x604 load address 0x08002518
                0x20003168                        . = ALIGN (0x8)
 *fill*         0x20003164        0x4 
                [!provide]                        PROVIDE (end = .)
                0x20003168                        PROVIDE (_end = .)
                0x20003368                        . = (. + _Min_Heap_Size)
 *fill*         0x20003168      0x200 
                0x20003768                        . = (. + _Min_Stack_Size)
 *fill*         0x20003368      0x400 
                0x20003768                        . = ALIGN (0x8)

/DISCARD/
 libc.a(*)
 libm.a(*)
 libgcc.a(*)

.ARM.attributes
                0x00000000       0x29
 *(.ARM.attributes)
 .ARM.attributes
                0x00000000       0x1d C:/ST/STM32CubeIDE_1.17.0/STM32CubeIDE/plugins/com.st.stm32cube.ide.mcu.externaltools.gnu-tools-for-stm32.12.3.rel1.win32_1.1.0.202410251130/tools/bin/../lib/gcc/arm-none-eabi/12.3.1/thumb/v7-m/nofp/crti.o
 .ARM.attributes
                0x0000001d       0x2d C:/ST/STM32CubeIDE_1.17.0/STM32CubeIDE/plugins/com.st.stm32cube.ide.mcu.externaltools.gnu-tools-for-stm32.12.3.rel1.win32_1.1.0.202410251130/tools/bin/../lib/gcc/arm-none-eabi/12.3.1/thumb/v7-m/nofp/crtbegin.o
 .ARM.attributes
                0x0000004a       0x2d ./Drivers/System_Config.o
 .ARM.attributes
                0x00000077       0x2d ./Drivers/stm32f103Driver.o
 .ARM.attributes
                0x000000a4       0x2d ./Src/main.o
 .ARM.attributes
                0x000000d1       0x21 ./Startup/startup_stm32f103rbtx.o
 .ARM.attributes
                0x000000f2       0x2d ./Third_Party/FreeRTOS/list.o
 .ARM.attributes
                0x0000011f       0x2d ./Third_Party/FreeRTOS/tasks.o
 .ARM.attributes
                0x0000014c       0x2d ./Third_Party/FreeRTOS/portable/GCC/ARM_CM3/port.o
 .ARM.attributes
                0x00000179       0x2d ./Third_Party/FreeRTOS/portable/MemMang/heap_4.o
 .ARM.attributes
                0x000001a6       0x2d C:/ST/STM32CubeIDE_1.17.0/STM32CubeIDE/plugins/com.st.stm32cube.ide.mcu.externaltools.gnu-tools-for-stm32.12.3.rel1.win32_1.1.0.202410251130/tools/bin/../lib/gcc/arm-none-eabi/12.3.1/../../../../arm-none-eabi/lib/thumb/v7-m/nofp\libc_nano.a(libc_a-memset.o)
 .ARM.attributes
                0x000001d3       0x2d C:/ST/STM32CubeIDE_1.17.0/STM32CubeIDE/plugins/com.st.stm32cube.ide.mcu.externaltools.gnu-tools-for-stm32.12.3.rel1.win32_1.1.0.202410251130/tools/bin/../lib/gcc/arm-none-eabi/12.3.1/../../../../arm-none-eabi/lib/thumb/v7-m/nofp\libc_nano.a(libc_a-init.o)
 .ARM.attributes
                0x00000200       0x1d C:/ST/STM32CubeIDE_1.17.0/STM32CubeIDE/plugins/com.st.stm32cube.ide.mcu.externaltools.gnu-tools-for-stm32.12.3.rel1.win32_1.1.0.202410251130/tools/bin/../lib/gcc/arm-none-eabi/12.3.1/thumb/v7-m/nofp/crtn.o
OUTPUT(002_Free_RTOS_Interuupts.elf elf32-littlearm)
LOAD linker stubs
LOAD C:/ST/STM32CubeIDE_1.17.0/STM32CubeIDE/plugins/com.st.stm32cube.ide.mcu.externaltools.gnu-tools-for-stm32.12.3.rel1.win32_1.1.0.202410251130/tools/bin/../lib/gcc/arm-none-eabi/12.3.1/../../../../arm-none-eabi/lib/thumb/v7-m/nofp\libc.a
LOAD C:/ST/STM32CubeIDE_1.17.0/STM32CubeIDE/plugins/com.st.stm32cube.ide.mcu.externaltools.gnu-tools-for-stm32.12.3.rel1.win32_1.1.0.202410251130/tools/bin/../lib/gcc/arm-none-eabi/12.3.1/../../../../arm-none-eabi/lib/thumb/v7-m/nofp\libm.a
LOAD C:/ST/STM32CubeIDE_1.17.0/STM32CubeIDE/plugins/com.st.stm32cube.ide.mcu.externaltools.gnu-tools-for-stm32.12.3.rel1.win32_1.1.0.202410251130/tools/bin/../lib/gcc/arm-none-eabi/12.3.1/thumb/v7-m/nofp\libgcc.a

.debug_info     0x00000000     0x4dce
 .debug_info    0x00000000      0x1e7 ./Drivers/System_Config.o
 .debug_info    0x000001e7     0x1677 ./Drivers/stm32f103Driver.o
 .debug_info    0x0000185e      0x4ce ./Src/main.o
 .debug_info    0x00001d2c       0x30 ./Startup/startup_stm32f103rbtx.o
 .debug_info    0x00001d5c      0x2aa ./Third_Party/FreeRTOS/list.o
 .debug_info    0x00002006     0x22c6 ./Third_Party/FreeRTOS/tasks.o
 .debug_info    0x000042cc      0x52b ./Third_Party/FreeRTOS/portable/GCC/ARM_CM3/port.o
 .debug_info    0x000047f7      0x5d7 ./Third_Party/FreeRTOS/portable/MemMang/heap_4.o

.debug_abbrev   0x00000000      0xed1
 .debug_abbrev  0x00000000       0xe5 ./Drivers/System_Config.o
 .debug_abbrev  0x000000e5      0x2a2 ./Drivers/stm32f103Driver.o
 .debug_abbrev  0x00000387      0x20e ./Src/main.o
 .debug_abbrev  0x00000595       0x24 ./Startup/startup_stm32f103rbtx.o
 .debug_abbrev  0x000005b9       0xee ./Third_Party/FreeRTOS/list.o
 .debug_abbrev  0x000006a7      0x37b ./Third_Party/FreeRTOS/tasks.o
 .debug_abbrev  0x00000a22      0x255 ./Third_Party/FreeRTOS/portable/GCC/ARM_CM3/port.o
 .debug_abbrev  0x00000c77      0x25a ./Third_Party/FreeRTOS/portable/MemMang/heap_4.o

.debug_aranges  0x00000000      0x578
 .debug_aranges
                0x00000000       0x30 ./Drivers/System_Config.o
 .debug_aranges
                0x00000030      0x1e0 ./Drivers/stm32f103Driver.o
 .debug_aranges
                0x00000210       0x40 ./Src/main.o
 .debug_aranges
                0x00000250       0x28 ./Startup/startup_stm32f103rbtx.o
 .debug_aranges
                0x00000278       0x40 ./Third_Party/FreeRTOS/list.o
 .debug_aranges
                0x000002b8      0x1e0 ./Third_Party/FreeRTOS/tasks.o
 .debug_aranges
                0x00000498       0x78 ./Third_Party/FreeRTOS/portable/GCC/ARM_CM3/port.o
 .debug_aranges
                0x00000510       0x68 ./Third_Party/FreeRTOS/portable/MemMang/heap_4.o

.debug_rnglists
                0x00000000      0x43d
 .debug_rnglists
                0x00000000       0x20 ./Drivers/System_Config.o
 .debug_rnglists
                0x00000020      0x17a ./Drivers/stm32f103Driver.o
 .debug_rnglists
                0x0000019a       0x2c ./Src/main.o
 .debug_rnglists
                0x000001c6       0x19 ./Startup/startup_stm32f103rbtx.o
 .debug_rnglists
                0x000001df       0x2b ./Third_Party/FreeRTOS/list.o
 .debug_rnglists
                0x0000020a      0x18e ./Third_Party/FreeRTOS/tasks.o
 .debug_rnglists
                0x00000398       0x57 ./Third_Party/FreeRTOS/portable/GCC/ARM_CM3/port.o
 .debug_rnglists
                0x000003ef       0x4e ./Third_Party/FreeRTOS/portable/MemMang/heap_4.o

.debug_macro    0x00000000     0x347f
 .debug_macro   0x00000000       0x6c ./Drivers/System_Config.o
 .debug_macro   0x0000006c      0xab4 ./Drivers/System_Config.o
 .debug_macro   0x00000b20       0x22 ./Drivers/System_Config.o
 .debug_macro   0x00000b42       0x8e ./Drivers/System_Config.o
 .debug_macro   0x00000bd0       0x51 ./Drivers/System_Config.o
 .debug_macro   0x00000c21      0x103 ./Drivers/System_Config.o
 .debug_macro   0x00000d24       0x6a ./Drivers/System_Config.o
 .debug_macro   0x00000d8e      0x1df ./Drivers/System_Config.o
 .debug_macro   0x00000f6d      0x2c2 ./Drivers/System_Config.o
 .debug_macro   0x0000122f       0x6c ./Drivers/stm32f103Driver.o
 .debug_macro   0x0000129b       0xe8 ./Src/main.o
 .debug_macro   0x00001383      0x189 ./Src/main.o
 .debug_macro   0x0000150c       0x16 ./Src/main.o
 .debug_macro   0x00001522      0x110 ./Src/main.o
 .debug_macro   0x00001632       0x1c ./Src/main.o
 .debug_macro   0x0000164e      0x182 ./Src/main.o
 .debug_macro   0x000017d0       0xee ./Src/main.o
 .debug_macro   0x000018be       0x2e ./Src/main.o
 .debug_macro   0x000018ec       0x1f ./Src/main.o
 .debug_macro   0x0000190b       0x12 ./Src/main.o
 .debug_macro   0x0000191d     0x10f6 ./Src/main.o
 .debug_macro   0x00002a13       0xc3 ./Src/main.o
 .debug_macro   0x00002ad6      0x14f ./Src/main.o
 .debug_macro   0x00002c25      0x1a2 ./Third_Party/FreeRTOS/list.o
 .debug_macro   0x00002dc7      0x2bf ./Third_Party/FreeRTOS/tasks.o
 .debug_macro   0x00003086       0x17 ./Third_Party/FreeRTOS/tasks.o
 .debug_macro   0x0000309d      0x1ab ./Third_Party/FreeRTOS/portable/GCC/ARM_CM3/port.o
 .debug_macro   0x00003248      0x237 ./Third_Party/FreeRTOS/portable/MemMang/heap_4.o

.debug_line     0x00000000     0x5eda
 .debug_line    0x00000000      0x4dd ./Drivers/System_Config.o
 .debug_line    0x000004dd     0x1784 ./Drivers/stm32f103Driver.o
 .debug_line    0x00001c61      0x713 ./Src/main.o
 .debug_line    0x00002374       0x7b ./Startup/startup_stm32f103rbtx.o
 .debug_line    0x000023ef      0x812 ./Third_Party/FreeRTOS/list.o
 .debug_line    0x00002c01     0x1e2b ./Third_Party/FreeRTOS/tasks.o
 .debug_line    0x00004a2c      0x8ee ./Third_Party/FreeRTOS/portable/GCC/ARM_CM3/port.o
 .debug_line    0x0000531a      0xbc0 ./Third_Party/FreeRTOS/portable/MemMang/heap_4.o

.debug_str      0x00000000    0x15ec7
 .debug_str     0x00000000     0x45e5 ./Drivers/System_Config.o
                               0x4764 (size before relaxing)
 .debug_str     0x000045e5      0x751 ./Drivers/stm32f103Driver.o
                               0x4e79 (size before relaxing)
 .debug_str     0x00004d36     0xaf6b ./Src/main.o
                               0xf799 (size before relaxing)
 .debug_str     0x0000fca1       0x3f ./Startup/startup_stm32f103rbtx.o
                                 0x7f (size before relaxing)
 .debug_str     0x0000fce0     0x332f ./Third_Party/FreeRTOS/list.o
                              0x10a30 (size before relaxing)
 .debug_str     0x0001300f     0x1fef ./Third_Party/FreeRTOS/tasks.o
                              0x14010 (size before relaxing)
 .debug_str     0x00014ffe      0x7bc ./Third_Party/FreeRTOS/portable/GCC/ARM_CM3/port.o
                               0xf462 (size before relaxing)
 .debug_str     0x000157ba      0x70d ./Third_Party/FreeRTOS/portable/MemMang/heap_4.o
                              0x12587 (size before relaxing)

.comment        0x00000000       0x43
 .comment       0x00000000       0x43 ./Drivers/System_Config.o
                                 0x44 (size before relaxing)
 .comment       0x00000043       0x44 ./Drivers/stm32f103Driver.o
 .comment       0x00000043       0x44 ./Src/main.o
 .comment       0x00000043       0x44 ./Third_Party/FreeRTOS/list.o
 .comment       0x00000043       0x44 ./Third_Party/FreeRTOS/tasks.o
 .comment       0x00000043       0x44 ./Third_Party/FreeRTOS/portable/GCC/ARM_CM3/port.o
 .comment       0x00000043       0x44 ./Third_Party/FreeRTOS/portable/MemMang/heap_4.o

.debug_frame    0x00000000     0x15e4
 .debug_frame   0x00000000       0x78 ./Drivers/System_Config.o
 .debug_frame   0x00000078      0x850 ./Drivers/stm32f103Driver.o
 .debug_frame   0x000008c8       0xb4 ./Src/main.o
 .debug_frame   0x0000097c       0xd8 ./Third_Party/FreeRTOS/list.o
 .debug_frame   0x00000a54      0x838 ./Third_Party/FreeRTOS/tasks.o
 .debug_frame   0x0000128c      0x198 ./Third_Party/FreeRTOS/portable/GCC/ARM_CM3/port.o
 .debug_frame   0x00001424      0x174 ./Third_Party/FreeRTOS/portable/MemMang/heap_4.o
 .debug_frame   0x00001598       0x20 C:/ST/STM32CubeIDE_1.17.0/STM32CubeIDE/plugins/com.st.stm32cube.ide.mcu.externaltools.gnu-tools-for-stm32.12.3.rel1.win32_1.1.0.202410251130/tools/bin/../lib/gcc/arm-none-eabi/12.3.1/../../../../arm-none-eabi/lib/thumb/v7-m/nofp\libc_nano.a(libc_a-memset.o)
 .debug_frame   0x000015b8       0x2c C:/ST/STM32CubeIDE_1.17.0/STM32CubeIDE/plugins/com.st.stm32cube.ide.mcu.externaltools.gnu-tools-for-stm32.12.3.rel1.win32_1.1.0.202410251130/tools/bin/../lib/gcc/arm-none-eabi/12.3.1/../../../../arm-none-eabi/lib/thumb/v7-m/nofp\libc_nano.a(libc_a-init.o)

.debug_line_str
                0x00000000       0x63
 .debug_line_str
                0x00000000       0x63 ./Startup/startup_stm32f103rbtx.o
